---
http_interactions:
- request:
    method: post
    uri: http://11.22.33.44:5000/v2.0/tokens
    body:
      encoding: UTF-8
      string: '{"auth":{"passwordCredentials":{"username":"admin","password":"password_2WpEraURh"},"tenantName":"admin"}}'
    headers:
      User-Agent:
      - fog-core/1.45.0
      Content-Type:
      - application/json
  response:
    status:
      code: 200
      message: OK
    headers:
      Date:
      - Wed, 17 Jan 2018 22:07:45 GMT
      Server:
      - Apache/2.4.6 (Red Hat Enterprise Linux)
      Vary:
      - X-Auth-Token,Accept-Encoding
      X-Openstack-Request-Id:
      - req-c0347f79-ea72-4e9c-beef-dd815dbaac3e
      Content-Length:
      - '4170'
      Connection:
      - close
      Content-Type:
      - application/json
    body:
      encoding: ASCII-8BIT
      string: '{"access": {"token": {"issued_at": "2018-01-17T22:07:45.235422", "expires":
        "2018-01-17T23:07:45Z", "id": "fdb278489f014b6487d43059c8c7ab3a", "tenant":
        {"description": "admin tenant", "enabled": true, "id": "e54e5c3c19e34720b05661f2ea1ea00a",
        "name": "admin"}, "audit_ids": ["EnL9BLcbRHy7l6pvpHPiGQ"]}, "serviceCatalog":
        [{"endpoints": [{"adminURL": "http://10.8.99.233:8774/v2/e54e5c3c19e34720b05661f2ea1ea00a",
        "region": "RegionOne", "internalURL": "http://10.8.99.233:8774/v2/e54e5c3c19e34720b05661f2ea1ea00a",
        "id": "33f58c6950134a2381bb3668fae5a325", "publicURL": "http://10.8.99.233:8774/v2/e54e5c3c19e34720b05661f2ea1ea00a"}],
        "endpoints_links": [], "type": "compute", "name": "nova"}, {"endpoints": [{"adminURL":
        "http://10.8.99.233:9696", "region": "RegionOne", "internalURL": "http://10.8.99.233:9696",
        "id": "5b097055aff24a40aa4cd2d7317c9108", "publicURL": "http://10.8.99.233:9696"}],
        "endpoints_links": [], "type": "network", "name": "neutron"}, {"endpoints":
        [{"adminURL": "http://10.8.99.233:8776/v2/e54e5c3c19e34720b05661f2ea1ea00a",
        "region": "RegionOne", "internalURL": "http://10.8.99.233:8776/v2/e54e5c3c19e34720b05661f2ea1ea00a",
        "id": "13c4208d548d4bcdaedfe8296b6559ee", "publicURL": "http://10.8.99.233:8776/v2/e54e5c3c19e34720b05661f2ea1ea00a"}],
        "endpoints_links": [], "type": "volumev2", "name": "cinderv2"}, {"endpoints":
        [{"adminURL": "http://127.0.0.1:8774/v3", "region": "RegionOne", "internalURL":
        "http://127.0.0.1:8774/v3", "id": "3874f107e1a0461596883a12743dbcc0", "publicURL":
        "http://127.0.0.1:8774/v3"}], "endpoints_links": [], "type": "computev3",
        "name": "novav3"}, {"endpoints": [{"adminURL": "http://10.8.99.233:9292",
        "region": "RegionOne", "internalURL": "http://10.8.99.233:9292", "id": "75fcb24891654062ae1703e6b92f6018",
        "publicURL": "http://10.8.99.233:9292"}], "endpoints_links": [], "type": "image",
        "name": "glance"}, {"endpoints": [{"adminURL": "http://10.8.99.233:8777",
        "region": "RegionOne", "internalURL": "http://10.8.99.233:8777", "id": "2c972a2880d1453aad86104dcda88a55",
        "publicURL": "http://10.8.99.233:8777"}], "endpoints_links": [], "type": "metering",
        "name": "ceilometer"}, {"endpoints": [{"adminURL": "http://10.8.99.233:8776/v1/e54e5c3c19e34720b05661f2ea1ea00a",
        "region": "RegionOne", "internalURL": "http://10.8.99.233:8776/v1/e54e5c3c19e34720b05661f2ea1ea00a",
        "id": "410c753013fb430c9998f22f68c4cb18", "publicURL": "http://10.8.99.233:8776/v1/e54e5c3c19e34720b05661f2ea1ea00a"}],
        "endpoints_links": [], "type": "volume", "name": "cinder"}, {"endpoints":
        [{"adminURL": "http://10.8.99.233:8773/services/Admin", "region": "RegionOne",
        "internalURL": "http://10.8.99.233:8773/services/Cloud", "id": "2833b001aa814ddf9216479d379cdac1",
        "publicURL": "http://10.8.99.233:8773/services/Cloud"}], "endpoints_links":
        [], "type": "ec2", "name": "nova_ec2"}, {"endpoints": [{"adminURL": "http://10.8.99.233:8004/v1/e54e5c3c19e34720b05661f2ea1ea00a",
        "region": "RegionOne", "internalURL": "http://10.8.99.233:8004/v1/e54e5c3c19e34720b05661f2ea1ea00a",
        "id": "a29a931a5667478c8b3724506a286144", "publicURL": "http://10.8.99.233:8004/v1/e54e5c3c19e34720b05661f2ea1ea00a"}],
        "endpoints_links": [], "type": "orchestration", "name": "heat"}, {"endpoints":
        [{"adminURL": "http://10.8.99.233:8080", "region": "RegionOne", "internalURL":
        "http://10.8.99.233:8080/v1/AUTH_e54e5c3c19e34720b05661f2ea1ea00a", "id":
        "7a2262abf515414ea08b3beedc87e51e", "publicURL": "http://10.8.99.233:8080/v1/AUTH_e54e5c3c19e34720b05661f2ea1ea00a"}],
        "endpoints_links": [], "type": "object-store", "name": "swift"}, {"endpoints":
        [{"adminURL": "http://10.8.99.233:35357/v2.0", "region": "RegionOne", "internalURL":
        "http://10.8.99.233:5000/v2.0", "id": "5d1b7edf24e14ce29abaeee69e84e529",
        "publicURL": "http://10.8.99.233:5000/v2.0"}], "endpoints_links": [], "type":
        "identity", "name": "keystone"}], "user": {"username": "admin", "roles_links":
        [], "id": "80ea157498b44d08aa6d6f54b8a7c3e7", "roles": [{"name": "admin"},
        {"name": "_member_"}, {"name": "heat_stack_owner"}], "name": "admin"}, "metadata":
        {"is_admin": 0, "roles": ["bafabff3f3174e6ab41388bde984e1e5", "9fe2ff9ee4384b1894a90878d3e92bab",
        "725d26e4ae494cc689c60f857e347267"]}}}'
    http_version: 
  recorded_at: Wed, 17 Jan 2018 22:07:45 GMT
- request:
    method: get
    uri: http://10.8.99.233:8774/v2/e54e5c3c19e34720b05661f2ea1ea00a/servers/ca4f3a16-bae3-4407-83e9-f77b28af0f2b
    body:
      encoding: US-ASCII
      string: ''
    headers:
      User-Agent:
      - fog-core/1.45.0
      Content-Type:
      - application/json
      Accept:
      - application/json
      X-Auth-Token:
      - fdb278489f014b6487d43059c8c7ab3a
  response:
    status:
      code: 200
      message: OK
    headers:
      Content-Type:
      - application/json
      Content-Length:
      - '2088'
      X-Compute-Request-Id:
      - req-c26fc1bf-d887-49e3-a5ba-a0eefd4dacaf
      Date:
      - Wed, 17 Jan 2018 22:07:46 GMT
    body:
      encoding: ASCII-8BIT
      string: '{"server": {"status": "ACTIVE", "updated": "2018-01-17T19:26:19Z",
        "hostId": "bb5e57f091d4c5737235b6ea23cd3cf06921fdb1ff1e90c2eb3098a9", "OS-EXT-SRV-ATTR:host":
        "11.22.33.44", "addresses": {"EmsRefreshSpec-NetworkPrivate":
        [{"OS-EXT-IPS-MAC:mac_addr": "fa:16:3e:e1:0b:2c", "version": 4, "addr": "192.168.0.5",
        "OS-EXT-IPS:type": "fixed"}, {"OS-EXT-IPS-MAC:mac_addr": "fa:16:3e:e1:0b:2c",
        "version": 4, "addr": "172.16.17.4", "OS-EXT-IPS:type": "floating"}]}, "links":
        [{"href": "http://10.8.99.233:8774/v2/e54e5c3c19e34720b05661f2ea1ea00a/servers/ca4f3a16-bae3-4407-83e9-f77b28af0f2b",
        "rel": "self"}, {"href": "http://10.8.99.233:8774/e54e5c3c19e34720b05661f2ea1ea00a/servers/ca4f3a16-bae3-4407-83e9-f77b28af0f2b",
        "rel": "bookmark"}], "key_name": "EmsRefreshSpec-KeyPair", "image": {"id":
        "bb799f70-5e02-461b-8324-17ee88259c7b", "links": [{"href": "http://10.8.99.233:8774/e54e5c3c19e34720b05661f2ea1ea00a/images/bb799f70-5e02-461b-8324-17ee88259c7b",
        "rel": "bookmark"}]}, "OS-EXT-STS:task_state": null, "OS-EXT-STS:vm_state":
        "active", "OS-EXT-SRV-ATTR:instance_name": "instance-00000004", "OS-SRV-USG:launched_at":
        "2016-11-11T13:51:08.000000", "OS-EXT-SRV-ATTR:hypervisor_hostname": "11.22.33.44",
        "flavor": {"id": "6", "links": [{"href": "http://10.8.99.233:8774/e54e5c3c19e34720b05661f2ea1ea00a/flavors/6",
        "rel": "bookmark"}]}, "id": "ca4f3a16-bae3-4407-83e9-f77b28af0f2b", "security_groups":
        [{"name": "EmsRefreshSpec-SecurityGroup2"}, {"name": "EmsRefreshSpec-SecurityGroup"}],
        "OS-SRV-USG:terminated_at": null, "OS-EXT-AZ:availability_zone": "nova", "user_id":
        "80ea157498b44d08aa6d6f54b8a7c3e7", "name": "EmsRefreshSpec-PoweredOn", "created":
        "2016-11-11T13:50:32Z", "tenant_id": "69f8f7205ade4aa59084c32c83e60b5a", "OS-DCF:diskConfig":
        "MANUAL", "os-extended-volumes:volumes_attached": [{"id": "0a55c0d5-c780-4e7d-9d09-47f5520c7448"},
        {"id": "2c774148-c11a-434c-aabb-7fa9c82c37ce"}], "accessIPv4": "", "accessIPv6":
        "", "progress": 0, "OS-EXT-STS:power_state": 1, "config_drive": "", "metadata":
        {}}}'
    http_version: 
  recorded_at: Wed, 17 Jan 2018 22:07:46 GMT
- request:
    method: get
    uri: http://10.8.99.233:8774/v2/e54e5c3c19e34720b05661f2ea1ea00a/servers/ca4f3a16-bae3-4407-83e9-f77b28af0f2b/os-interface
    body:
      encoding: US-ASCII
      string: ''
    headers:
      User-Agent:
      - fog-core/1.45.0
      Content-Type:
      - application/json
      Accept:
      - application/json
      X-Auth-Token:
      - fdb278489f014b6487d43059c8c7ab3a
  response:
    status:
      code: 200
      message: OK
    headers:
      Content-Type:
      - application/json
      Content-Length:
      - '285'
      X-Compute-Request-Id:
      - req-c368cb04-105b-4181-a3f7-d8d78cda77db
      Date:
      - Wed, 17 Jan 2018 22:07:47 GMT
    body:
      encoding: ASCII-8BIT
      string: '{"interfaceAttachments": [{"port_state": "ACTIVE", "fixed_ips": [{"subnet_id":
        "104c081f-97dd-42b7-8930-98abbd015c74", "ip_address": "192.168.0.5"}], "port_id":
        "dda2ebad-f144-4f63-9a75-cbd4fe25e3e9", "net_id": "c0e8e42b-005e-4183-8f25-fa91b3e441c1",
        "mac_addr": "fa:16:3e:e1:0b:2c"}]}'
    http_version: 
  recorded_at: Wed, 17 Jan 2018 22:07:47 GMT
- request:
    method: get
    uri: http://10.8.99.233:8774/v2/e54e5c3c19e34720b05661f2ea1ea00a/servers/ca4f3a16-bae3-4407-83e9-f77b28af0f2b/os-security-groups
    body:
      encoding: US-ASCII
      string: ''
    headers:
      User-Agent:
      - fog-core/1.45.0
      Content-Type:
      - application/json
      Accept:
      - application/json
      X-Auth-Token:
      - fdb278489f014b6487d43059c8c7ab3a
  response:
    status:
      code: 200
      message: OK
    headers:
      Content-Type:
      - application/json
      Content-Length:
      - '3931'
      X-Compute-Request-Id:
      - req-78209d71-d05d-446f-ba87-f35b8d9abb45
      Date:
      - Wed, 17 Jan 2018 22:07:48 GMT
    body:
      encoding: ASCII-8BIT
      string: '{"security_groups": [{"rules": [{"from_port": 3, "group": {"tenant_id":
        "69f8f7205ade4aa59084c32c83e60b5a", "name": "EmsRefreshSpec-SecurityGroup"},
        "ip_protocol": "tcp", "to_port": 4, "parent_group_id": "fd147cb7-7456-43d9-a01f-c06e21b4e6fb",
        "ip_range": {}, "id": "15d247b8-904d-45a5-8c51-1691a92ef179"}, {"from_port":
        80, "group": {"tenant_id": "69f8f7205ade4aa59084c32c83e60b5a", "name": "EmsRefreshSpec-SecurityGroup"},
        "ip_protocol": "tcp", "to_port": 80, "parent_group_id": "fd147cb7-7456-43d9-a01f-c06e21b4e6fb",
        "ip_range": {}, "id": "16c45d6d-a1bd-48ea-8147-350e89b6821e"}, {"from_port":
        1, "group": {}, "ip_protocol": "udp", "to_port": 65535, "parent_group_id":
        "fd147cb7-7456-43d9-a01f-c06e21b4e6fb", "ip_range": {"cidr": "0.0.0.0/0"},
        "id": "2dd82e10-6b62-4c2c-8255-c2e3b63d9119"}, {"from_port": 443, "group":
        {}, "ip_protocol": "tcp", "to_port": 443, "parent_group_id": "fd147cb7-7456-43d9-a01f-c06e21b4e6fb",
        "ip_range": {"cidr": "1:2:3:4:5:6:7:abc8/128"}, "id": "40f0d754-2b5b-4965-ac5b-4b2d662225c1"},
        {"from_port": -1, "group": {}, "ip_protocol": "icmp", "to_port": -1, "parent_group_id":
        "fd147cb7-7456-43d9-a01f-c06e21b4e6fb", "ip_range": {"cidr": "1.2.3.4/30"},
        "id": "427cb9f4-2116-4b03-b7e3-d87dfca202bd"}, {"from_port": 1, "group": {},
        "ip_protocol": "tcp", "to_port": 2, "parent_group_id": "fd147cb7-7456-43d9-a01f-c06e21b4e6fb",
        "ip_range": {"cidr": "1.2.3.4/30"}, "id": "6738adbb-1a50-4802-b67f-bafee1e5c18a"},
        {"from_port": 80, "group": {}, "ip_protocol": "tcp", "to_port": 80, "parent_group_id":
        "fd147cb7-7456-43d9-a01f-c06e21b4e6fb", "ip_range": {"cidr": "0.0.0.0/0"},
        "id": "6bd2821c-157b-4424-800e-0c602a8b2fa2"}, {"from_port": -1, "group":
        {}, "ip_protocol": "icmp", "to_port": -1, "parent_group_id": "fd147cb7-7456-43d9-a01f-c06e21b4e6fb",
        "ip_range": {"cidr": "0.0.0.0/0"}, "id": "7c00b697-21eb-4700-85d6-15ec59ee7de8"},
        {"from_port": 443, "group": {"tenant_id": "69f8f7205ade4aa59084c32c83e60b5a",
        "name": "EmsRefreshSpec-SecurityGroup"}, "ip_protocol": "tcp", "to_port":
        443, "parent_group_id": "fd147cb7-7456-43d9-a01f-c06e21b4e6fb", "ip_range":
        {}, "id": "956f6c84-b896-4fa7-8f26-afc7f30671ef"}, {"from_port": 1, "group":
        {}, "ip_protocol": "tcp", "to_port": 65535, "parent_group_id": "fd147cb7-7456-43d9-a01f-c06e21b4e6fb",
        "ip_range": {"cidr": "0.0.0.0/0"}, "id": "a7a38b2d-04c4-45ad-be2d-9c4684787221"},
        {"from_port": 3, "group": {"tenant_id": "69f8f7205ade4aa59084c32c83e60b5a",
        "name": "EmsRefreshSpec-SecurityGroup"}, "ip_protocol": "udp", "to_port":
        4, "parent_group_id": "fd147cb7-7456-43d9-a01f-c06e21b4e6fb", "ip_range":
        {}, "id": "b33fb74e-81b6-4359-8be9-edd662fb9572"}, {"from_port": -1, "group":
        {"tenant_id": "69f8f7205ade4aa59084c32c83e60b5a", "name": "EmsRefreshSpec-SecurityGroup"},
        "ip_protocol": "icmp", "to_port": -1, "parent_group_id": "fd147cb7-7456-43d9-a01f-c06e21b4e6fb",
        "ip_range": {}, "id": "b6848646-5fa1-40ee-b988-2649224ea767"}, {"from_port":
        443, "group": {}, "ip_protocol": "tcp", "to_port": 443, "parent_group_id":
        "fd147cb7-7456-43d9-a01f-c06e21b4e6fb", "ip_range": {"cidr": "::/0"}, "id":
        "d6bb1846-d362-4065-a380-ebc3b684313c"}, {"from_port": 1, "group": {}, "ip_protocol":
        "udp", "to_port": 2, "parent_group_id": "fd147cb7-7456-43d9-a01f-c06e21b4e6fb",
        "ip_range": {"cidr": "1.2.3.4/30"}, "id": "f3444292-5a22-4f76-84f4-71ee60393bee"},
        {"from_port": 80, "group": {}, "ip_protocol": "tcp", "to_port": 80, "parent_group_id":
        "fd147cb7-7456-43d9-a01f-c06e21b4e6fb", "ip_range": {"cidr": "1.2.3.4/30"},
        "id": "f79f0e32-b186-4778-952e-20827a60ef73"}], "tenant_id": "69f8f7205ade4aa59084c32c83e60b5a",
        "id": "fd147cb7-7456-43d9-a01f-c06e21b4e6fb", "name": "EmsRefreshSpec-SecurityGroup",
        "description": "EmsRefreshSpec-SecurityGroup description"}, {"rules": [],
        "tenant_id": "69f8f7205ade4aa59084c32c83e60b5a", "id": "e4836528-d0df-425e-a117-ae8ec6f356d4",
        "name": "EmsRefreshSpec-SecurityGroup2", "description": "EmsRefreshSpec-SecurityGroup2
        description"}]}'
    http_version: 
  recorded_at: Wed, 17 Jan 2018 22:07:48 GMT
- request:
    method: get
    uri: http://10.8.99.233:8774/v2/e54e5c3c19e34720b05661f2ea1ea00a/os-floating-ips
    body:
      encoding: US-ASCII
      string: ''
    headers:
      User-Agent:
      - fog-core/1.45.0
      Content-Type:
      - application/json
      Accept:
      - application/json
      X-Auth-Token:
      - fdb278489f014b6487d43059c8c7ab3a
  response:
    status:
      code: 200
      message: OK
    headers:
      Content-Type:
      - application/json
      Content-Length:
      - '20'
      X-Compute-Request-Id:
      - req-dd044372-e140-4678-a0e3-37b97eb96c6b
      Date:
      - Wed, 17 Jan 2018 22:07:48 GMT
    body:
      encoding: ASCII-8BIT
      string: '{"floating_ips": []}'
    http_version: 
  recorded_at: Wed, 17 Jan 2018 22:07:48 GMT
- request:
    method: post
    uri: http://11.22.33.44:5000/v2.0/tokens
    body:
      encoding: UTF-8
      string: '{"auth":{"passwordCredentials":{"username":"admin","password":"password_2WpEraURh"},"tenantName":"admin"}}'
    headers:
      User-Agent:
      - fog-core/1.45.0
      Content-Type:
      - application/json
  response:
    status:
      code: 200
      message: OK
    headers:
      Date:
      - Wed, 17 Jan 2018 22:07:48 GMT
      Server:
      - Apache/2.4.6 (Red Hat Enterprise Linux)
      Vary:
      - X-Auth-Token,Accept-Encoding
      X-Openstack-Request-Id:
      - req-0d25cd78-f302-49ee-a63d-534ee0f69535
      Content-Length:
      - '4170'
      Connection:
      - close
      Content-Type:
      - application/json
    body:
      encoding: ASCII-8BIT
      string: '{"access": {"token": {"issued_at": "2018-01-17T22:07:48.923820", "expires":
        "2018-01-17T23:07:48Z", "id": "6325bed0acc146cfb18ad20dacd8b95d", "tenant":
        {"description": "admin tenant", "enabled": true, "id": "e54e5c3c19e34720b05661f2ea1ea00a",
        "name": "admin"}, "audit_ids": ["6EQDKTNUQuyXeubrvLmSsw"]}, "serviceCatalog":
        [{"endpoints": [{"adminURL": "http://10.8.99.233:8774/v2/e54e5c3c19e34720b05661f2ea1ea00a",
        "region": "RegionOne", "internalURL": "http://10.8.99.233:8774/v2/e54e5c3c19e34720b05661f2ea1ea00a",
        "id": "33f58c6950134a2381bb3668fae5a325", "publicURL": "http://10.8.99.233:8774/v2/e54e5c3c19e34720b05661f2ea1ea00a"}],
        "endpoints_links": [], "type": "compute", "name": "nova"}, {"endpoints": [{"adminURL":
        "http://10.8.99.233:9696", "region": "RegionOne", "internalURL": "http://10.8.99.233:9696",
        "id": "5b097055aff24a40aa4cd2d7317c9108", "publicURL": "http://10.8.99.233:9696"}],
        "endpoints_links": [], "type": "network", "name": "neutron"}, {"endpoints":
        [{"adminURL": "http://10.8.99.233:8776/v2/e54e5c3c19e34720b05661f2ea1ea00a",
        "region": "RegionOne", "internalURL": "http://10.8.99.233:8776/v2/e54e5c3c19e34720b05661f2ea1ea00a",
        "id": "13c4208d548d4bcdaedfe8296b6559ee", "publicURL": "http://10.8.99.233:8776/v2/e54e5c3c19e34720b05661f2ea1ea00a"}],
        "endpoints_links": [], "type": "volumev2", "name": "cinderv2"}, {"endpoints":
        [{"adminURL": "http://127.0.0.1:8774/v3", "region": "RegionOne", "internalURL":
        "http://127.0.0.1:8774/v3", "id": "3874f107e1a0461596883a12743dbcc0", "publicURL":
        "http://127.0.0.1:8774/v3"}], "endpoints_links": [], "type": "computev3",
        "name": "novav3"}, {"endpoints": [{"adminURL": "http://10.8.99.233:9292",
        "region": "RegionOne", "internalURL": "http://10.8.99.233:9292", "id": "75fcb24891654062ae1703e6b92f6018",
        "publicURL": "http://10.8.99.233:9292"}], "endpoints_links": [], "type": "image",
        "name": "glance"}, {"endpoints": [{"adminURL": "http://10.8.99.233:8777",
        "region": "RegionOne", "internalURL": "http://10.8.99.233:8777", "id": "2c972a2880d1453aad86104dcda88a55",
        "publicURL": "http://10.8.99.233:8777"}], "endpoints_links": [], "type": "metering",
        "name": "ceilometer"}, {"endpoints": [{"adminURL": "http://10.8.99.233:8776/v1/e54e5c3c19e34720b05661f2ea1ea00a",
        "region": "RegionOne", "internalURL": "http://10.8.99.233:8776/v1/e54e5c3c19e34720b05661f2ea1ea00a",
        "id": "410c753013fb430c9998f22f68c4cb18", "publicURL": "http://10.8.99.233:8776/v1/e54e5c3c19e34720b05661f2ea1ea00a"}],
        "endpoints_links": [], "type": "volume", "name": "cinder"}, {"endpoints":
        [{"adminURL": "http://10.8.99.233:8773/services/Admin", "region": "RegionOne",
        "internalURL": "http://10.8.99.233:8773/services/Cloud", "id": "2833b001aa814ddf9216479d379cdac1",
        "publicURL": "http://10.8.99.233:8773/services/Cloud"}], "endpoints_links":
        [], "type": "ec2", "name": "nova_ec2"}, {"endpoints": [{"adminURL": "http://10.8.99.233:8004/v1/e54e5c3c19e34720b05661f2ea1ea00a",
        "region": "RegionOne", "internalURL": "http://10.8.99.233:8004/v1/e54e5c3c19e34720b05661f2ea1ea00a",
        "id": "a29a931a5667478c8b3724506a286144", "publicURL": "http://10.8.99.233:8004/v1/e54e5c3c19e34720b05661f2ea1ea00a"}],
        "endpoints_links": [], "type": "orchestration", "name": "heat"}, {"endpoints":
        [{"adminURL": "http://10.8.99.233:8080", "region": "RegionOne", "internalURL":
        "http://10.8.99.233:8080/v1/AUTH_e54e5c3c19e34720b05661f2ea1ea00a", "id":
        "7a2262abf515414ea08b3beedc87e51e", "publicURL": "http://10.8.99.233:8080/v1/AUTH_e54e5c3c19e34720b05661f2ea1ea00a"}],
        "endpoints_links": [], "type": "object-store", "name": "swift"}, {"endpoints":
        [{"adminURL": "http://10.8.99.233:35357/v2.0", "region": "RegionOne", "internalURL":
        "http://10.8.99.233:5000/v2.0", "id": "5d1b7edf24e14ce29abaeee69e84e529",
        "publicURL": "http://10.8.99.233:5000/v2.0"}], "endpoints_links": [], "type":
        "identity", "name": "keystone"}], "user": {"username": "admin", "roles_links":
        [], "id": "80ea157498b44d08aa6d6f54b8a7c3e7", "roles": [{"name": "admin"},
        {"name": "_member_"}, {"name": "heat_stack_owner"}], "name": "admin"}, "metadata":
        {"is_admin": 0, "roles": ["bafabff3f3174e6ab41388bde984e1e5", "9fe2ff9ee4384b1894a90878d3e92bab",
        "725d26e4ae494cc689c60f857e347267"]}}}'
    http_version: 
  recorded_at: Wed, 17 Jan 2018 22:07:48 GMT
- request:
    method: get
    uri: http://10.8.99.233:9696/
    body:
      encoding: US-ASCII
      string: ''
    headers:
      User-Agent:
      - fog-core/1.45.0
      Content-Type:
      - application/json
      Accept:
      - application/json
      X-Auth-Token:
      - 6325bed0acc146cfb18ad20dacd8b95d
  response:
    status:
      code: 200
      message: OK
    headers:
      Content-Type:
      - application/json; charset=UTF-8
      Content-Length:
      - '119'
      Date:
      - Wed, 17 Jan 2018 22:07:49 GMT
    body:
      encoding: ASCII-8BIT
      string: '{"versions": [{"status": "CURRENT", "id": "v2.0", "links": [{"href":
        "http://10.8.99.233:9696/v2.0", "rel": "self"}]}]}'
    http_version: 
  recorded_at: Wed, 17 Jan 2018 22:07:49 GMT
- request:
    method: get
    uri: http://10.8.99.233:9696/v2.0/floatingips?floating_ip_address=172.16.17.4
    body:
      encoding: US-ASCII
      string: ''
    headers:
      User-Agent:
      - fog-core/1.45.0
      Content-Type:
      - application/json
      Accept:
      - application/json
      X-Auth-Token:
      - 6325bed0acc146cfb18ad20dacd8b95d
  response:
    status:
      code: 200
      message: OK
    headers:
      Content-Type:
      - application/json; charset=UTF-8
      Content-Length:
      - '374'
      X-Openstack-Request-Id:
      - req-8b229b61-a2fe-427c-bc12-ee0fb45eb99c
      Date:
      - Wed, 17 Jan 2018 22:07:49 GMT
    body:
      encoding: ASCII-8BIT
      string: '{"floatingips": [{"floating_network_id": "20af6027-7aeb-432a-ab3b-d7217faa2f1c",
        "router_id": "57e17608-8ac6-44a6-803e-f42ec15e9d1e", "fixed_ip_address": "192.168.0.5",
        "floating_ip_address": "172.16.17.4", "tenant_id": "69f8f7205ade4aa59084c32c83e60b5a",
        "status": "ACTIVE", "port_id": "dda2ebad-f144-4f63-9a75-cbd4fe25e3e9", "id":
        "855b23e7-1ace-4c22-8c02-2160d3cde900"}]}'
    http_version: 
  recorded_at: Wed, 17 Jan 2018 22:07:49 GMT
- request:
    method: post
    uri: http://11.22.33.44:5000/v2.0/tokens
    body:
      encoding: UTF-8
      string: '{"auth":{"passwordCredentials":{"username":"admin","password":"password_2WpEraURh"},"tenantName":""}}'
    headers:
      User-Agent:
      - fog-core/1.45.0
      Content-Type:
      - application/json
  response:
    status:
      code: 200
      message: OK
    headers:
      Date:
      - Wed, 17 Jan 2018 22:07:49 GMT
      Server:
      - Apache/2.4.6 (Red Hat Enterprise Linux)
      Vary:
      - X-Auth-Token,Accept-Encoding
      X-Openstack-Request-Id:
      - req-4e92a7fd-2be9-4660-8eee-fb0b7f199d08
      Content-Length:
      - '370'
      Connection:
      - close
      Content-Type:
      - application/json
    body:
      encoding: ASCII-8BIT
      string: '{"access": {"token": {"issued_at": "2018-01-17T22:07:49.493583", "expires":
        "2018-01-17T23:07:49Z", "id": "f819c8897c034c20be011607979ec35f", "audit_ids":
        ["9sHKTNB9Qpu0TX0M_-addQ"]}, "serviceCatalog": [], "user": {"username": "admin",
        "roles_links": [], "id": "80ea157498b44d08aa6d6f54b8a7c3e7", "roles": [],
        "name": "admin"}, "metadata": {"is_admin": 0, "roles": []}}}'
    http_version: 
  recorded_at: Wed, 17 Jan 2018 22:07:49 GMT
- request:
    method: get
    uri: http://11.22.33.44:5000/v2.0/tenants
    body:
      encoding: US-ASCII
      string: ''
    headers:
      User-Agent:
      - fog-core/1.45.0
      Content-Type:
      - application/json
      Accept:
      - application/json
      X-Auth-Token:
      - f819c8897c034c20be011607979ec35f
  response:
    status:
      code: 200
      message: OK
    headers:
      Date:
      - Wed, 17 Jan 2018 22:07:49 GMT
      Server:
      - Apache/2.4.6 (Red Hat Enterprise Linux)
      Vary:
      - X-Auth-Token,Accept-Encoding
      X-Openstack-Request-Id:
      - req-5eb59c04-cdb0-4d25-bf70-dfe3eeba1721
      Content-Length:
      - '500'
      Connection:
      - close
      Content-Type:
      - application/json
    body:
      encoding: ASCII-8BIT
      string: '{"tenants_links": [], "tenants": [{"description": "", "enabled": true,
        "id": "69f8f7205ade4aa59084c32c83e60b5a", "name": "EmsRefreshSpec-Project"},
        {"description": "", "enabled": true, "id": "b458a5c25c3749758f4c0661940b3ba8",
        "name": "EmsRefreshSpec-Project-No-Admin-Role"}, {"description": "admin tenant",
        "enabled": true, "id": "e54e5c3c19e34720b05661f2ea1ea00a", "name": "admin"},
        {"description": "", "enabled": true, "id": "e8f744b1fc6a487681d35fb275252608",
        "name": "EmsRefreshSpec-Project2"}]}'
    http_version: 
  recorded_at: Wed, 17 Jan 2018 22:07:49 GMT
- request:
    method: post
    uri: http://11.22.33.44:5000/v2.0/tokens
    body:
      encoding: UTF-8
      string: '{"auth":{"token":{"id":"f819c8897c034c20be011607979ec35f"},"tenantName":"EmsRefreshSpec-Project"}}'
    headers:
      User-Agent:
      - fog-core/1.45.0
      Content-Type:
      - application/json
  response:
    status:
      code: 200
      message: OK
    headers:
      Date:
      - Wed, 17 Jan 2018 22:07:49 GMT
      Server:
      - Apache/2.4.6 (Red Hat Enterprise Linux)
      Vary:
      - X-Auth-Token,Accept-Encoding
      X-Openstack-Request-Id:
      - req-5e669d2a-f3e8-437a-9b42-18bbf862e35c
      Content-Length:
      - '4143'
      Connection:
      - close
      Content-Type:
      - application/json
    body:
      encoding: ASCII-8BIT
      string: '{"access": {"token": {"issued_at": "2018-01-17T22:07:49.979551", "expires":
        "2018-01-17T23:07:49Z", "id": "db3b00adb44b4a39a159ea634bab9b87", "tenant":
        {"description": "", "enabled": true, "id": "69f8f7205ade4aa59084c32c83e60b5a",
        "name": "EmsRefreshSpec-Project"}, "audit_ids": ["sRJy2nMaQxWxWqPo7A3dDw",
        "9sHKTNB9Qpu0TX0M_-addQ"]}, "serviceCatalog": [{"endpoints": [{"adminURL":
        "http://10.8.99.233:8774/v2/69f8f7205ade4aa59084c32c83e60b5a", "region": "RegionOne",
        "internalURL": "http://10.8.99.233:8774/v2/69f8f7205ade4aa59084c32c83e60b5a",
        "id": "33f58c6950134a2381bb3668fae5a325", "publicURL": "http://10.8.99.233:8774/v2/69f8f7205ade4aa59084c32c83e60b5a"}],
        "endpoints_links": [], "type": "compute", "name": "nova"}, {"endpoints": [{"adminURL":
        "http://10.8.99.233:9696", "region": "RegionOne", "internalURL": "http://10.8.99.233:9696",
        "id": "5b097055aff24a40aa4cd2d7317c9108", "publicURL": "http://10.8.99.233:9696"}],
        "endpoints_links": [], "type": "network", "name": "neutron"}, {"endpoints":
        [{"adminURL": "http://10.8.99.233:8776/v2/69f8f7205ade4aa59084c32c83e60b5a",
        "region": "RegionOne", "internalURL": "http://10.8.99.233:8776/v2/69f8f7205ade4aa59084c32c83e60b5a",
        "id": "13c4208d548d4bcdaedfe8296b6559ee", "publicURL": "http://10.8.99.233:8776/v2/69f8f7205ade4aa59084c32c83e60b5a"}],
        "endpoints_links": [], "type": "volumev2", "name": "cinderv2"}, {"endpoints":
        [{"adminURL": "http://127.0.0.1:8774/v3", "region": "RegionOne", "internalURL":
        "http://127.0.0.1:8774/v3", "id": "3874f107e1a0461596883a12743dbcc0", "publicURL":
        "http://127.0.0.1:8774/v3"}], "endpoints_links": [], "type": "computev3",
        "name": "novav3"}, {"endpoints": [{"adminURL": "http://10.8.99.233:9292",
        "region": "RegionOne", "internalURL": "http://10.8.99.233:9292", "id": "75fcb24891654062ae1703e6b92f6018",
        "publicURL": "http://10.8.99.233:9292"}], "endpoints_links": [], "type": "image",
        "name": "glance"}, {"endpoints": [{"adminURL": "http://10.8.99.233:8777",
        "region": "RegionOne", "internalURL": "http://10.8.99.233:8777", "id": "2c972a2880d1453aad86104dcda88a55",
        "publicURL": "http://10.8.99.233:8777"}], "endpoints_links": [], "type": "metering",
        "name": "ceilometer"}, {"endpoints": [{"adminURL": "http://10.8.99.233:8776/v1/69f8f7205ade4aa59084c32c83e60b5a",
        "region": "RegionOne", "internalURL": "http://10.8.99.233:8776/v1/69f8f7205ade4aa59084c32c83e60b5a",
        "id": "410c753013fb430c9998f22f68c4cb18", "publicURL": "http://10.8.99.233:8776/v1/69f8f7205ade4aa59084c32c83e60b5a"}],
        "endpoints_links": [], "type": "volume", "name": "cinder"}, {"endpoints":
        [{"adminURL": "http://10.8.99.233:8773/services/Admin", "region": "RegionOne",
        "internalURL": "http://10.8.99.233:8773/services/Cloud", "id": "2833b001aa814ddf9216479d379cdac1",
        "publicURL": "http://10.8.99.233:8773/services/Cloud"}], "endpoints_links":
        [], "type": "ec2", "name": "nova_ec2"}, {"endpoints": [{"adminURL": "http://10.8.99.233:8004/v1/69f8f7205ade4aa59084c32c83e60b5a",
        "region": "RegionOne", "internalURL": "http://10.8.99.233:8004/v1/69f8f7205ade4aa59084c32c83e60b5a",
        "id": "a29a931a5667478c8b3724506a286144", "publicURL": "http://10.8.99.233:8004/v1/69f8f7205ade4aa59084c32c83e60b5a"}],
        "endpoints_links": [], "type": "orchestration", "name": "heat"}, {"endpoints":
        [{"adminURL": "http://10.8.99.233:8080", "region": "RegionOne", "internalURL":
        "http://10.8.99.233:8080/v1/AUTH_69f8f7205ade4aa59084c32c83e60b5a", "id":
        "7a2262abf515414ea08b3beedc87e51e", "publicURL": "http://10.8.99.233:8080/v1/AUTH_69f8f7205ade4aa59084c32c83e60b5a"}],
        "endpoints_links": [], "type": "object-store", "name": "swift"}, {"endpoints":
        [{"adminURL": "http://10.8.99.233:35357/v2.0", "region": "RegionOne", "internalURL":
        "http://10.8.99.233:5000/v2.0", "id": "5d1b7edf24e14ce29abaeee69e84e529",
        "publicURL": "http://10.8.99.233:5000/v2.0"}], "endpoints_links": [], "type":
        "identity", "name": "keystone"}], "user": {"username": "admin", "roles_links":
        [], "id": "80ea157498b44d08aa6d6f54b8a7c3e7", "roles": [{"name": "admin"},
        {"name": "heat_stack_owner"}], "name": "admin"}, "metadata": {"is_admin":
        0, "roles": ["bafabff3f3174e6ab41388bde984e1e5", "725d26e4ae494cc689c60f857e347267"]}}}'
    http_version: 
  recorded_at: Wed, 17 Jan 2018 22:07:49 GMT
- request:
    method: get
    uri: http://10.8.99.233:5000/v2.0/tenants
    body:
      encoding: US-ASCII
      string: ''
    headers:
      User-Agent:
      - fog-core/1.45.0
      Content-Type:
      - application/json
      Accept:
      - application/json
      X-Auth-Token:
      - db3b00adb44b4a39a159ea634bab9b87
  response:
    status:
      code: 200
      message: OK
    headers:
      Date:
      - Wed, 17 Jan 2018 22:07:50 GMT
      Server:
      - Apache/2.4.6 (Red Hat Enterprise Linux)
      Vary:
      - X-Auth-Token,Accept-Encoding
      X-Openstack-Request-Id:
      - req-72b7e50e-8e6b-4884-802d-e3f8251a8b65
      Content-Length:
      - '500'
      Connection:
      - close
      Content-Type:
      - application/json
    body:
      encoding: ASCII-8BIT
      string: '{"tenants_links": [], "tenants": [{"description": "", "enabled": true,
        "id": "69f8f7205ade4aa59084c32c83e60b5a", "name": "EmsRefreshSpec-Project"},
        {"description": "", "enabled": true, "id": "b458a5c25c3749758f4c0661940b3ba8",
        "name": "EmsRefreshSpec-Project-No-Admin-Role"}, {"description": "admin tenant",
        "enabled": true, "id": "e54e5c3c19e34720b05661f2ea1ea00a", "name": "admin"},
        {"description": "", "enabled": true, "id": "e8f744b1fc6a487681d35fb275252608",
        "name": "EmsRefreshSpec-Project2"}]}'
    http_version: 
  recorded_at: Wed, 17 Jan 2018 22:07:50 GMT
- request:
    method: get
    uri: http://10.8.99.233:8774/v2/e54e5c3c19e34720b05661f2ea1ea00a/flavors/6
    body:
      encoding: US-ASCII
      string: ''
    headers:
      User-Agent:
      - fog-core/1.45.0
      Content-Type:
      - application/json
      Accept:
      - application/json
      X-Auth-Token:
      - fdb278489f014b6487d43059c8c7ab3a
  response:
    status:
      code: 200
      message: OK
    headers:
      Content-Type:
      - application/json
      Content-Length:
      - '433'
      X-Compute-Request-Id:
      - req-7c34b779-0d60-449d-b574-ce229c83e748
      Date:
      - Wed, 17 Jan 2018 22:07:50 GMT
    body:
      encoding: ASCII-8BIT
      string: '{"flavor": {"name": "m1.ems_refresh_spec", "links": [{"href": "http://10.8.99.233:8774/v2/e54e5c3c19e34720b05661f2ea1ea00a/flavors/6",
        "rel": "self"}, {"href": "http://10.8.99.233:8774/e54e5c3c19e34720b05661f2ea1ea00a/flavors/6",
        "rel": "bookmark"}], "ram": 512, "OS-FLV-DISABLED:disabled": false, "vcpus":
        1, "swap": 512, "os-flavor-access:is_public": true, "rxtx_factor": 1.0, "OS-FLV-EXT-DATA:ephemeral":
        1, "disk": 1, "id": "6"}}'
    http_version: 
  recorded_at: Wed, 17 Jan 2018 22:07:50 GMT
- request:
    method: post
    uri: http://11.22.33.44:5000/v2.0/tokens
    body:
      encoding: UTF-8
      string: '{"auth":{"passwordCredentials":{"username":"admin","password":"password_2WpEraURh"},"tenantName":"admin"}}'
    headers:
      User-Agent:
      - fog-core/1.45.0
      Content-Type:
      - application/json
  response:
    status:
      code: 200
      message: OK
    headers:
      Date:
      - Wed, 17 Jan 2018 22:07:50 GMT
      Server:
      - Apache/2.4.6 (Red Hat Enterprise Linux)
      Vary:
      - X-Auth-Token,Accept-Encoding
      X-Openstack-Request-Id:
      - req-2db14789-fe89-43a5-bdc2-d9293fc71309
      Content-Length:
      - '4170'
      Connection:
      - close
      Content-Type:
      - application/json
    body:
      encoding: ASCII-8BIT
      string: '{"access": {"token": {"issued_at": "2018-01-17T22:07:50.533799", "expires":
        "2018-01-17T23:07:50Z", "id": "b7f08e1480d840c1952207c2a63b2a28", "tenant":
        {"description": "admin tenant", "enabled": true, "id": "e54e5c3c19e34720b05661f2ea1ea00a",
        "name": "admin"}, "audit_ids": ["jDHEAiNISX66TKPKO3AjWg"]}, "serviceCatalog":
        [{"endpoints": [{"adminURL": "http://10.8.99.233:8774/v2/e54e5c3c19e34720b05661f2ea1ea00a",
        "region": "RegionOne", "internalURL": "http://10.8.99.233:8774/v2/e54e5c3c19e34720b05661f2ea1ea00a",
        "id": "33f58c6950134a2381bb3668fae5a325", "publicURL": "http://10.8.99.233:8774/v2/e54e5c3c19e34720b05661f2ea1ea00a"}],
        "endpoints_links": [], "type": "compute", "name": "nova"}, {"endpoints": [{"adminURL":
        "http://10.8.99.233:9696", "region": "RegionOne", "internalURL": "http://10.8.99.233:9696",
        "id": "5b097055aff24a40aa4cd2d7317c9108", "publicURL": "http://10.8.99.233:9696"}],
        "endpoints_links": [], "type": "network", "name": "neutron"}, {"endpoints":
        [{"adminURL": "http://10.8.99.233:8776/v2/e54e5c3c19e34720b05661f2ea1ea00a",
        "region": "RegionOne", "internalURL": "http://10.8.99.233:8776/v2/e54e5c3c19e34720b05661f2ea1ea00a",
        "id": "13c4208d548d4bcdaedfe8296b6559ee", "publicURL": "http://10.8.99.233:8776/v2/e54e5c3c19e34720b05661f2ea1ea00a"}],
        "endpoints_links": [], "type": "volumev2", "name": "cinderv2"}, {"endpoints":
        [{"adminURL": "http://127.0.0.1:8774/v3", "region": "RegionOne", "internalURL":
        "http://127.0.0.1:8774/v3", "id": "3874f107e1a0461596883a12743dbcc0", "publicURL":
        "http://127.0.0.1:8774/v3"}], "endpoints_links": [], "type": "computev3",
        "name": "novav3"}, {"endpoints": [{"adminURL": "http://10.8.99.233:9292",
        "region": "RegionOne", "internalURL": "http://10.8.99.233:9292", "id": "75fcb24891654062ae1703e6b92f6018",
        "publicURL": "http://10.8.99.233:9292"}], "endpoints_links": [], "type": "image",
        "name": "glance"}, {"endpoints": [{"adminURL": "http://10.8.99.233:8777",
        "region": "RegionOne", "internalURL": "http://10.8.99.233:8777", "id": "2c972a2880d1453aad86104dcda88a55",
        "publicURL": "http://10.8.99.233:8777"}], "endpoints_links": [], "type": "metering",
        "name": "ceilometer"}, {"endpoints": [{"adminURL": "http://10.8.99.233:8776/v1/e54e5c3c19e34720b05661f2ea1ea00a",
        "region": "RegionOne", "internalURL": "http://10.8.99.233:8776/v1/e54e5c3c19e34720b05661f2ea1ea00a",
        "id": "410c753013fb430c9998f22f68c4cb18", "publicURL": "http://10.8.99.233:8776/v1/e54e5c3c19e34720b05661f2ea1ea00a"}],
        "endpoints_links": [], "type": "volume", "name": "cinder"}, {"endpoints":
        [{"adminURL": "http://10.8.99.233:8773/services/Admin", "region": "RegionOne",
        "internalURL": "http://10.8.99.233:8773/services/Cloud", "id": "2833b001aa814ddf9216479d379cdac1",
        "publicURL": "http://10.8.99.233:8773/services/Cloud"}], "endpoints_links":
        [], "type": "ec2", "name": "nova_ec2"}, {"endpoints": [{"adminURL": "http://10.8.99.233:8004/v1/e54e5c3c19e34720b05661f2ea1ea00a",
        "region": "RegionOne", "internalURL": "http://10.8.99.233:8004/v1/e54e5c3c19e34720b05661f2ea1ea00a",
        "id": "a29a931a5667478c8b3724506a286144", "publicURL": "http://10.8.99.233:8004/v1/e54e5c3c19e34720b05661f2ea1ea00a"}],
        "endpoints_links": [], "type": "orchestration", "name": "heat"}, {"endpoints":
        [{"adminURL": "http://10.8.99.233:8080", "region": "RegionOne", "internalURL":
        "http://10.8.99.233:8080/v1/AUTH_e54e5c3c19e34720b05661f2ea1ea00a", "id":
        "7a2262abf515414ea08b3beedc87e51e", "publicURL": "http://10.8.99.233:8080/v1/AUTH_e54e5c3c19e34720b05661f2ea1ea00a"}],
        "endpoints_links": [], "type": "object-store", "name": "swift"}, {"endpoints":
        [{"adminURL": "http://10.8.99.233:35357/v2.0", "region": "RegionOne", "internalURL":
        "http://10.8.99.233:5000/v2.0", "id": "5d1b7edf24e14ce29abaeee69e84e529",
        "publicURL": "http://10.8.99.233:5000/v2.0"}], "endpoints_links": [], "type":
        "identity", "name": "keystone"}], "user": {"username": "admin", "roles_links":
        [], "id": "80ea157498b44d08aa6d6f54b8a7c3e7", "roles": [{"name": "admin"},
        {"name": "_member_"}, {"name": "heat_stack_owner"}], "name": "admin"}, "metadata":
        {"is_admin": 0, "roles": ["bafabff3f3174e6ab41388bde984e1e5", "9fe2ff9ee4384b1894a90878d3e92bab",
        "725d26e4ae494cc689c60f857e347267"]}}}'
    http_version: 
  recorded_at: Wed, 17 Jan 2018 22:07:50 GMT
- request:
    method: get
    uri: http://10.8.99.233:9292/
    body:
      encoding: US-ASCII
      string: ''
    headers:
      User-Agent:
      - fog-core/1.45.0
      Content-Type:
      - application/json
      Accept:
      - application/json
      X-Auth-Token:
      - b7f08e1480d840c1952207c2a63b2a28
  response:
    status:
      code: 300
      message: Multiple Choices
    headers:
      Content-Type:
      - application/json; charset=UTF-8
      Content-Length:
      - '648'
      Date:
      - Wed, 17 Jan 2018 22:07:50 GMT
    body:
      encoding: ASCII-8BIT
      string: '{"versions": [{"status": "CURRENT", "id": "v2.3", "links": [{"href":
        "http://10.8.99.233:9292/v2/", "rel": "self"}]}, {"status": "SUPPORTED", "id":
        "v2.2", "links": [{"href": "http://10.8.99.233:9292/v2/", "rel": "self"}]},
        {"status": "SUPPORTED", "id": "v2.1", "links": [{"href": "http://10.8.99.233:9292/v2/",
        "rel": "self"}]}, {"status": "SUPPORTED", "id": "v2.0", "links": [{"href":
        "http://10.8.99.233:9292/v2/", "rel": "self"}]}, {"status": "SUPPORTED", "id":
        "v1.1", "links": [{"href": "http://10.8.99.233:9292/v1/", "rel": "self"}]},
        {"status": "SUPPORTED", "id": "v1.0", "links": [{"href": "http://10.8.99.233:9292/v1/",
        "rel": "self"}]}]}'
    http_version: 
  recorded_at: Wed, 17 Jan 2018 22:07:50 GMT
- request:
    method: get
    uri: http://10.8.99.233:9292/v2/images/bb799f70-5e02-461b-8324-17ee88259c7b
    body:
      encoding: US-ASCII
      string: ''
    headers:
      User-Agent:
      - fog-core/1.45.0
      Content-Type:
      - application/json
      Accept:
      - application/json
      X-Auth-Token:
      - b7f08e1480d840c1952207c2a63b2a28
  response:
    status:
      code: 200
      message: OK
    headers:
      Content-Length:
      - '599'
      Content-Type:
      - application/json; charset=UTF-8
      X-Openstack-Request-Id:
      - req-4cd3747c-4a66-426e-9825-16b6c19f3a27
      Date:
      - Wed, 17 Jan 2018 22:07:51 GMT
    body:
      encoding: ASCII-8BIT
      string: '{"status": "active", "name": "EmsRefreshSpec-Image", "tags": [], "container_format":
        "bare", "created_at": "2016-11-11T13:49:09Z", "size": 13287936, "disk_format":
        "qcow2", "updated_at": "2016-11-11T13:49:13Z", "visibility": "private", "self":
        "/v2/images/bb799f70-5e02-461b-8324-17ee88259c7b", "min_disk": 0, "protected":
        false, "id": "bb799f70-5e02-461b-8324-17ee88259c7b", "file": "/v2/images/bb799f70-5e02-461b-8324-17ee88259c7b/file",
        "checksum": "ee1eca47dc88f4879d8a229cc70a07c6", "owner": "69f8f7205ade4aa59084c32c83e60b5a",
        "virtual_size": null, "min_ram": 0, "schema": "/v2/schemas/image"}'
    http_version: 
  recorded_at: Wed, 17 Jan 2018 22:07:51 GMT
- request:
    method: get
    uri: http://10.8.99.233:8774/v2/e54e5c3c19e34720b05661f2ea1ea00a/os-keypairs
    body:
      encoding: US-ASCII
      string: ''
    headers:
      User-Agent:
      - fog-core/1.45.0
      Content-Type:
      - application/json
      Accept:
      - application/json
      X-Auth-Token:
      - fdb278489f014b6487d43059c8c7ab3a
  response:
    status:
      code: 200
      message: OK
    headers:
      Content-Type:
      - application/json
      Content-Length:
      - '1617'
      X-Compute-Request-Id:
      - req-7724e028-a8d4-417e-8b75-c05dea49a56c
      Date:
      - Wed, 17 Jan 2018 22:07:51 GMT
    body:
      encoding: ASCII-8BIT
      string: '{"keypairs": [{"keypair": {"public_key": "ssh-rsa AAAAB3NzaC1yc2EAAAADAQABAAABAQCn6mhl9SBfXCBF8wcPeaNLi/0ZTbkOZb+3S4m1lEcfT6JVr1+Y9Pr91Kp228HrjFvVUGIMIgPytuK1rc6ytXqfzuar7fPZTxXSmUb0f+zz+eWRvbkvd9RgP4pqsENL3cPyjyTi/iE7GhpX7prItSA0HJOxDDFmeKupBudh4p2UpC5mwHyE0NonkjHfRQAnJNUz6wCcZbobTRXS+PVVZ0t9kQH6iG58iPQeXUzupZVjsPStksLA2Gtu5wUXewuIM1QbBB+GtGKUBZ7UKESO4oueKIH0Lu3z5SWA9MfGd2oyTPL0pbBKaCRMpzhKvIbaDIGoDu1h7kOFBcJQwPOLRkI/
        Generated-by-Nova\n", "name": "EmsRefreshSpec-KeyPair", "fingerprint": "4d:d0:d7:0a:f6:87:3e:05:04:91:49:91:ef:49:1f:33"}},
        {"keypair": {"public_key": "ssh-rsa AAAAB3NzaC1yc2EAAAADAQABAAABAQDNbYzQK57vApkpA9G7AlbXmYHUgtqKsFIqOtp/X+ZmM3xgtXAmrKuQzwpKXyjUED6FRj8gHl3lueGzXJrrl6G5bUYfH8iWhVi+pFmx24JIM4cvwSNl+q12FCrZjM0nRuFnYoBbd+gVyqpve1cDC7vlUUM9xtgaYTCbv4RepsdfeWw/HohSO1inpx297TSfWOXpVP2CTv67tvTbVGPv+r9RV4R1lHMZYJXVf3pjjJ0NB6LT9SogyDPNQL12PVwFNTYG9a/N/Fa33aanILwU2ffAgquyIcGT26YXp5br8J/3L7Wt+Lw+CkmhHKlgr+yLfkWHYp4X+uFBLoxUl0wPQkft
        Generated-by-Nova\n", "name": "EmsRefreshSpec-KeyPair-2", "fingerprint": "95:42:c9:d1:33:ec:4f:2c:4f:e8:55:00:ba:b0:4c:78"}},
        {"keypair": {"public_key": "ssh-rsa AAAAB3NzaC1yc2EAAAADAQABAAABAQCwcaKcZZF6YrVWjgItxRWZyClehIYKU7tIQS3f1AbUzf/RBc3SrsZFtfPgzMXiX+YFxoxWUf6WCH7dJPZsmEaUJ21GbZ8s29ohCg67n9PL+kezdq9Ukm6CdojX0rsZfU/EKMhObvEmAzJ1ue0A2KQCrdSM92iO3BWcWFVjmxCZRB40eZvcvEbZc32s1MdxOk5cDrA0AsmFVyas3UeqWCE7U6SRWJIa3bjV34qeJWELZ6L7/XzdKYkiBpS0rjHuIejI73VSq082vyph8f8TE4bc3g57Sn4O1AbV7/9aIW+lA+7qw+MJ/7aVWRAtil0OQkhLc0mXmFXmUGMJkUHLFkUj
        Generated-by-Nova\n", "name": "EmsRefreshSpec-KeyPair-3", "fingerprint": "5f:98:28:4d:f4:f1:0d:0e:51:07:b4:7b:d7:f4:e6:cd"}}]}'
    http_version: 
  recorded_at: Wed, 17 Jan 2018 22:07:51 GMT
- request:
    method: get
    uri: http://10.8.99.233:8774/v2/e54e5c3c19e34720b05661f2ea1ea00a/flavors/6
    body:
      encoding: US-ASCII
      string: ''
    headers:
      User-Agent:
      - fog-core/1.45.0
      Content-Type:
      - application/json
      Accept:
      - application/json
      X-Auth-Token:
      - fdb278489f014b6487d43059c8c7ab3a
  response:
    status:
      code: 200
      message: OK
    headers:
      Content-Type:
      - application/json
      Content-Length:
      - '433'
      X-Compute-Request-Id:
      - req-1e28bc85-5a0d-471f-aa77-5ce493dd3a55
      Date:
      - Wed, 17 Jan 2018 22:07:51 GMT
    body:
      encoding: ASCII-8BIT
      string: '{"flavor": {"name": "m1.ems_refresh_spec", "links": [{"href": "http://10.8.99.233:8774/v2/e54e5c3c19e34720b05661f2ea1ea00a/flavors/6",
        "rel": "self"}, {"href": "http://10.8.99.233:8774/e54e5c3c19e34720b05661f2ea1ea00a/flavors/6",
        "rel": "bookmark"}], "ram": 512, "OS-FLV-DISABLED:disabled": false, "vcpus":
        1, "swap": 512, "os-flavor-access:is_public": true, "rxtx_factor": 1.0, "OS-FLV-EXT-DATA:ephemeral":
        1, "disk": 1, "id": "6"}}'
    http_version: 
  recorded_at: Wed, 17 Jan 2018 22:07:51 GMT
- request:
    method: get
    uri: http://10.8.99.233:9696/v2.0/networks/c0e8e42b-005e-4183-8f25-fa91b3e441c1
    body:
      encoding: US-ASCII
      string: ''
    headers:
      User-Agent:
      - fog-core/1.45.0
      Content-Type:
      - application/json
      Accept:
      - application/json
      X-Auth-Token:
      - 6325bed0acc146cfb18ad20dacd8b95d
  response:
    status:
      code: 200
      message: OK
    headers:
      Content-Type:
      - application/json; charset=UTF-8
      Content-Length:
      - '440'
      X-Openstack-Request-Id:
      - req-75bb836e-d47a-434b-9109-81f4edcc4dfe
      Date:
      - Wed, 17 Jan 2018 22:07:51 GMT
    body:
      encoding: ASCII-8BIT
      string: '{"network": {"status": "ACTIVE", "subnets": ["104c081f-97dd-42b7-8930-98abbd015c74",
        "d53802a5-f0f6-48ba-9207-dbd9b13acac3"], "name": "EmsRefreshSpec-NetworkPrivate",
        "provider:physical_network": null, "admin_state_up": true, "tenant_id": "69f8f7205ade4aa59084c32c83e60b5a",
        "mtu": 0, "router:external": false, "shared": false, "provider:network_type":
        "vxlan", "id": "c0e8e42b-005e-4183-8f25-fa91b3e441c1", "provider:segmentation_id":
        14}}'
    http_version: 
  recorded_at: Wed, 17 Jan 2018 22:07:51 GMT
- request:
    method: get
    uri: http://10.8.99.233:9696/v2.0/networks/20af6027-7aeb-432a-ab3b-d7217faa2f1c
    body:
      encoding: US-ASCII
      string: ''
    headers:
      User-Agent:
      - fog-core/1.45.0
      Content-Type:
      - application/json
      Accept:
      - application/json
      X-Auth-Token:
      - 6325bed0acc146cfb18ad20dacd8b95d
  response:
    status:
      code: 200
      message: OK
    headers:
      Content-Type:
      - application/json; charset=UTF-8
      Content-Length:
      - '409'
      X-Openstack-Request-Id:
      - req-1afc6882-2565-4234-a831-8ea8918eef6b
      Date:
      - Wed, 17 Jan 2018 22:07:51 GMT
    body:
      encoding: ASCII-8BIT
      string: '{"network": {"status": "ACTIVE", "subnets": ["33da95a6-bded-44d8-be36-6cc97f3d72bd"],
        "name": "EmsRefreshSpec-NetworkPublic", "provider:physical_network": "public_net_0",
        "admin_state_up": true, "tenant_id": "69f8f7205ade4aa59084c32c83e60b5a", "mtu":
        0, "router:external": true, "shared": false, "provider:network_type": "flat",
        "id": "20af6027-7aeb-432a-ab3b-d7217faa2f1c", "provider:segmentation_id":
        null}}'
    http_version: 
  recorded_at: Wed, 17 Jan 2018 22:07:51 GMT
- request:
    method: get
    uri: http://10.8.99.233:9696/v2.0/subnets
    body:
      encoding: US-ASCII
      string: ''
    headers:
      User-Agent:
      - fog-core/1.45.0
      Content-Type:
      - application/json
      Accept:
      - application/json
      X-Auth-Token:
      - 6325bed0acc146cfb18ad20dacd8b95d
  response:
    status:
      code: 200
      message: OK
    headers:
      Content-Type:
      - application/json; charset=UTF-8
      Content-Length:
      - '8299'
      X-Openstack-Request-Id:
      - req-d77d1490-dcb5-498e-8e18-471a5a55ab53
      Date:
      - Wed, 17 Jan 2018 22:07:52 GMT
    body:
      encoding: ASCII-8BIT
      string: '{"subnets": [{"name": "EmsRefreshSpec-SubnetPublic_30", "enable_dhcp":
        false, "network_id": "64bf0546-b600-4bd7-a519-9353bde2e235", "tenant_id":
        "69f8f7205ade4aa59084c32c83e60b5a", "dns_nameservers": [], "gateway_ip": "172.16.20.1",
        "ipv6_ra_mode": null, "allocation_pools": [{"start": "172.16.20.2", "end":
        "172.16.20.254"}], "host_routes": [], "ip_version": 4, "ipv6_address_mode":
        null, "cidr": "172.16.20.0/24", "id": "4d8b0801-addf-4ad4-8f46-e5bffa6a1002",
        "subnetpool_id": null}, {"name": "EmsRefreshSpec-SubnetPrivate_31", "enable_dhcp":
        true, "network_id": "c82b70e9-0847-43e9-9bde-b98b1ae445e9", "tenant_id": "69f8f7205ade4aa59084c32c83e60b5a",
        "dns_nameservers": [], "gateway_ip": "192.168.31.1", "ipv6_ra_mode": null,
        "allocation_pools": [{"start": "192.168.31.2", "end": "192.168.31.254"}],
        "host_routes": [], "ip_version": 4, "ipv6_address_mode": null, "cidr": "192.168.31.0/24",
        "id": "841b5584-f86f-4abd-9bc2-f445b8bc860b", "subnetpool_id": null}, {"name":
        "EmsRefreshSpec-IsolatedSubnetPrivate_1", "enable_dhcp": true, "network_id":
        "560b4210-2b5a-4439-8d24-203e09478f48", "tenant_id": "69f8f7205ade4aa59084c32c83e60b5a",
        "dns_nameservers": [], "gateway_ip": "192.168.40.1", "ipv6_ra_mode": null,
        "allocation_pools": [{"start": "192.168.40.2", "end": "192.168.40.254"}],
        "host_routes": [], "ip_version": 4, "ipv6_address_mode": null, "cidr": "192.168.40.0/24",
        "id": "448a986a-19a9-4684-ab6e-25cbf19ae30d", "subnetpool_id": null}, {"name":
        "EmsRefreshSpec-IsolatedSubnetPrivate_21", "enable_dhcp": true, "network_id":
        "6ad8942f-11ef-4419-bdf5-9ba3561b6281", "tenant_id": "69f8f7205ade4aa59084c32c83e60b5a",
        "dns_nameservers": [], "gateway_ip": "192.168.51.1", "ipv6_ra_mode": null,
        "allocation_pools": [{"start": "192.168.51.2", "end": "192.168.51.254"}],
        "host_routes": [], "ip_version": 4, "ipv6_address_mode": null, "cidr": "192.168.51.0/24",
        "id": "edfcb49b-e917-4897-b8ae-859ef3dae2de", "subnetpool_id": null}, {"name":
        "EmsRefreshSpec-SubnetPrivate_3", "enable_dhcp": true, "network_id": "1c785619-a768-4788-b3b5-ac39ebc2cea1",
        "tenant_id": "69f8f7205ade4aa59084c32c83e60b5a", "dns_nameservers": [], "gateway_ip":
        "192.168.3.1", "ipv6_ra_mode": null, "allocation_pools": [{"start": "192.168.3.2",
        "end": "192.168.3.6"}, {"start": "192.168.3.8", "end": "192.168.3.10"}], "host_routes":
        [], "ip_version": 4, "ipv6_address_mode": null, "cidr": "192.168.3.0/24",
        "id": "82ca5926-43cb-4312-a23f-727d5c0f5bae", "subnetpool_id": null}, {"name":
        "EmsRefreshSpec-SubnetPrivate_30", "enable_dhcp": true, "network_id": "c82b70e9-0847-43e9-9bde-b98b1ae445e9",
        "tenant_id": "69f8f7205ade4aa59084c32c83e60b5a", "dns_nameservers": [], "gateway_ip":
        "192.168.30.1", "ipv6_ra_mode": null, "allocation_pools": [{"start": "192.168.30.2",
        "end": "192.168.30.254"}], "host_routes": [], "ip_version": 4, "ipv6_address_mode":
        null, "cidr": "192.168.30.0/24", "id": "39628ee0-d5ff-4a88-ae66-80442e5feefd",
        "subnetpool_id": null}, {"name": "EmsRefreshSpec-SubnetPublic_50", "enable_dhcp":
        false, "network_id": "6b46d522-85a1-4ce2-a276-2fab7cde0946", "tenant_id":
        "69f8f7205ade4aa59084c32c83e60b5a", "dns_nameservers": [], "gateway_ip": "172.16.50.1",
        "ipv6_ra_mode": null, "allocation_pools": [{"start": "172.16.50.2", "end":
        "172.16.50.254"}], "host_routes": [], "ip_version": 4, "ipv6_address_mode":
        null, "cidr": "172.16.50.0/24", "id": "d71653c5-34d2-47bd-9cd2-d93330a34d44",
        "subnetpool_id": null}, {"name": "EmsRefreshSpec-SubnetPublic", "enable_dhcp":
        false, "network_id": "20af6027-7aeb-432a-ab3b-d7217faa2f1c", "tenant_id":
        "69f8f7205ade4aa59084c32c83e60b5a", "dns_nameservers": [], "gateway_ip": "172.16.17.1",
        "ipv6_ra_mode": null, "allocation_pools": [{"start": "172.16.17.11", "end":
        "172.16.17.19"}, {"start": "172.16.17.2", "end": "172.16.17.9"}], "host_routes":
        [], "ip_version": 4, "ipv6_address_mode": null, "cidr": "172.16.17.0/24",
        "id": "33da95a6-bded-44d8-be36-6cc97f3d72bd", "subnetpool_id": null}, {"name":
        "EmsRefreshSpec-SubnetPublic_40", "enable_dhcp": false, "network_id": "68259081-a5ca-425f-9d9b-816eb62148a3",
        "tenant_id": "69f8f7205ade4aa59084c32c83e60b5a", "dns_nameservers": [], "gateway_ip":
        "172.16.21.1", "ipv6_ra_mode": null, "allocation_pools": [{"start": "172.16.21.2",
        "end": "172.16.21.254"}], "host_routes": [], "ip_version": 4, "ipv6_address_mode":
        null, "cidr": "172.16.21.0/24", "id": "d0065ae4-dffb-4dcc-9e44-a0b1166337f3",
        "subnetpool_id": null}, {"name": "EmsRefreshSpec-IsolatedSubnetPrivate_2",
        "enable_dhcp": true, "network_id": "6ad8942f-11ef-4419-bdf5-9ba3561b6281",
        "tenant_id": "69f8f7205ade4aa59084c32c83e60b5a", "dns_nameservers": [], "gateway_ip":
        "192.168.50.1", "ipv6_ra_mode": null, "allocation_pools": [{"start": "192.168.50.2",
        "end": "192.168.50.2"}, {"start": "192.168.50.4", "end": "192.168.50.4"}],
        "host_routes": [], "ip_version": 4, "ipv6_address_mode": null, "cidr": "192.168.50.0/24",
        "id": "826fd5a9-7a7a-4c40-a9b1-bd69041bbad4", "subnetpool_id": null}, {"name":
        "EmsRefreshSpec-SubnetPublic_20", "enable_dhcp": false, "network_id": "8da920f8-705d-4777-a938-e081b01ad41c",
        "tenant_id": "69f8f7205ade4aa59084c32c83e60b5a", "dns_nameservers": [], "gateway_ip":
        "172.16.19.1", "ipv6_ra_mode": null, "allocation_pools": [{"start": "172.16.19.21",
        "end": "172.16.19.23"}], "host_routes": [], "ip_version": 4, "ipv6_address_mode":
        null, "cidr": "172.16.19.0/24", "id": "c68ac5c0-9d9e-438b-a10f-6d0faeee0790",
        "subnetpool_id": null}, {"name": "EmsRefreshSpec-SubnetPrivate_20", "enable_dhcp":
        true, "network_id": "9e63fc1a-c0d4-4a1d-b91c-07e6c9c85076", "tenant_id": "69f8f7205ade4aa59084c32c83e60b5a",
        "dns_nameservers": [], "gateway_ip": "192.168.20.1", "ipv6_ra_mode": null,
        "allocation_pools": [{"start": "192.168.20.2", "end": "192.168.20.254"}],
        "host_routes": [], "ip_version": 4, "ipv6_address_mode": null, "cidr": "192.168.20.0/24",
        "id": "2092b802-1034-4fb8-9c5e-1ec61d1e463f", "subnetpool_id": null}, {"name":
        "EmsRefreshSpec-SubnetPrivate_2", "enable_dhcp": true, "network_id": "4fadcfb0-493b-4a00-a2a8-e357f8115d96",
        "tenant_id": "69f8f7205ade4aa59084c32c83e60b5a", "dns_nameservers": [], "gateway_ip":
        "192.168.2.1", "ipv6_ra_mode": null, "allocation_pools": [{"start": "192.168.2.2",
        "end": "192.168.2.254"}], "host_routes": [], "ip_version": 4, "ipv6_address_mode":
        null, "cidr": "192.168.2.0/24", "id": "bb23bb48-804d-4416-bac3-231db23841e8",
        "subnetpool_id": null}, {"name": "EmsRefreshSpec-SubnetPublic_51", "enable_dhcp":
        false, "network_id": "6b46d522-85a1-4ce2-a276-2fab7cde0946", "tenant_id":
        "69f8f7205ade4aa59084c32c83e60b5a", "dns_nameservers": [], "gateway_ip": "172.16.51.1",
        "ipv6_ra_mode": null, "allocation_pools": [{"start": "172.16.51.2", "end":
        "172.16.51.254"}], "host_routes": [], "ip_version": 4, "ipv6_address_mode":
        null, "cidr": "172.16.51.0/24", "id": "68682f0f-b0e4-4f6d-9f96-d1dfb6a6c2b2",
        "subnetpool_id": null}, {"name": "EmsRefreshSpec-SubnetPublic_10", "enable_dhcp":
        false, "network_id": "83e63648-5a43-4db0-907c-cf9ca0150336", "tenant_id":
        "69f8f7205ade4aa59084c32c83e60b5a", "dns_nameservers": [], "gateway_ip": "172.16.18.1",
        "ipv6_ra_mode": null, "allocation_pools": [{"start": "172.16.18.2", "end":
        "172.16.18.254"}], "host_routes": [], "ip_version": 4, "ipv6_address_mode":
        null, "cidr": "172.16.18.0/24", "id": "93c2f53c-df39-491e-b45b-ce8b36b29437",
        "subnetpool_id": null}, {"name": "EmsRefreshSpec-SubnetPrivate", "enable_dhcp":
        true, "network_id": "c0e8e42b-005e-4183-8f25-fa91b3e441c1", "tenant_id": "69f8f7205ade4aa59084c32c83e60b5a",
        "dns_nameservers": ["8.8.8.8"], "gateway_ip": "192.168.0.1", "ipv6_ra_mode":
        null, "allocation_pools": [{"start": "192.168.0.3", "end": "192.168.0.5"},
        {"start": "192.168.0.8", "end": "192.168.0.8"}], "host_routes": [], "ip_version":
        4, "ipv6_address_mode": null, "cidr": "192.168.0.0/24", "id": "104c081f-97dd-42b7-8930-98abbd015c74",
        "subnetpool_id": null}, {"name": "EmsRefreshSpec-SubnetPrivate_12", "enable_dhcp":
        true, "network_id": "c0e8e42b-005e-4183-8f25-fa91b3e441c1", "tenant_id": "69f8f7205ade4aa59084c32c83e60b5a",
        "dns_nameservers": ["8.8.8.8"], "gateway_ip": "192.168.1.1", "ipv6_ra_mode":
        null, "allocation_pools": [{"start": "192.168.1.2", "end": "192.168.1.254"}],
        "host_routes": [], "ip_version": 4, "ipv6_address_mode": null, "cidr": "192.168.1.0/24",
        "id": "d53802a5-f0f6-48ba-9207-dbd9b13acac3", "subnetpool_id": null}]}'
    http_version: 
  recorded_at: Wed, 17 Jan 2018 22:07:52 GMT
- request:
    method: get
    uri: http://10.8.99.233:9696/v2.0/subnets
    body:
      encoding: US-ASCII
      string: ''
    headers:
      User-Agent:
      - fog-core/1.45.0
      Content-Type:
      - application/json
      Accept:
      - application/json
      X-Auth-Token:
      - 6325bed0acc146cfb18ad20dacd8b95d
  response:
    status:
      code: 200
      message: OK
    headers:
      Content-Type:
      - application/json; charset=UTF-8
      Content-Length:
      - '8299'
      X-Openstack-Request-Id:
      - req-a855a279-9921-456f-be61-68d621eec753
      Date:
      - Wed, 17 Jan 2018 22:07:52 GMT
    body:
      encoding: ASCII-8BIT
      string: '{"subnets": [{"name": "EmsRefreshSpec-SubnetPrivate_3", "enable_dhcp":
        true, "network_id": "1c785619-a768-4788-b3b5-ac39ebc2cea1", "tenant_id": "69f8f7205ade4aa59084c32c83e60b5a",
        "dns_nameservers": [], "gateway_ip": "192.168.3.1", "ipv6_ra_mode": null,
        "allocation_pools": [{"start": "192.168.3.8", "end": "192.168.3.10"}, {"start":
        "192.168.3.2", "end": "192.168.3.6"}], "host_routes": [], "ip_version": 4,
        "ipv6_address_mode": null, "cidr": "192.168.3.0/24", "id": "82ca5926-43cb-4312-a23f-727d5c0f5bae",
        "subnetpool_id": null}, {"name": "EmsRefreshSpec-SubnetPublic", "enable_dhcp":
        false, "network_id": "20af6027-7aeb-432a-ab3b-d7217faa2f1c", "tenant_id":
        "69f8f7205ade4aa59084c32c83e60b5a", "dns_nameservers": [], "gateway_ip": "172.16.17.1",
        "ipv6_ra_mode": null, "allocation_pools": [{"start": "172.16.17.11", "end":
        "172.16.17.19"}, {"start": "172.16.17.2", "end": "172.16.17.9"}], "host_routes":
        [], "ip_version": 4, "ipv6_address_mode": null, "cidr": "172.16.17.0/24",
        "id": "33da95a6-bded-44d8-be36-6cc97f3d72bd", "subnetpool_id": null}, {"name":
        "EmsRefreshSpec-SubnetPublic_40", "enable_dhcp": false, "network_id": "68259081-a5ca-425f-9d9b-816eb62148a3",
        "tenant_id": "69f8f7205ade4aa59084c32c83e60b5a", "dns_nameservers": [], "gateway_ip":
        "172.16.21.1", "ipv6_ra_mode": null, "allocation_pools": [{"start": "172.16.21.2",
        "end": "172.16.21.254"}], "host_routes": [], "ip_version": 4, "ipv6_address_mode":
        null, "cidr": "172.16.21.0/24", "id": "d0065ae4-dffb-4dcc-9e44-a0b1166337f3",
        "subnetpool_id": null}, {"name": "EmsRefreshSpec-IsolatedSubnetPrivate_2",
        "enable_dhcp": true, "network_id": "6ad8942f-11ef-4419-bdf5-9ba3561b6281",
        "tenant_id": "69f8f7205ade4aa59084c32c83e60b5a", "dns_nameservers": [], "gateway_ip":
        "192.168.50.1", "ipv6_ra_mode": null, "allocation_pools": [{"start": "192.168.50.2",
        "end": "192.168.50.2"}, {"start": "192.168.50.4", "end": "192.168.50.4"}],
        "host_routes": [], "ip_version": 4, "ipv6_address_mode": null, "cidr": "192.168.50.0/24",
        "id": "826fd5a9-7a7a-4c40-a9b1-bd69041bbad4", "subnetpool_id": null}, {"name":
        "EmsRefreshSpec-SubnetPublic_20", "enable_dhcp": false, "network_id": "8da920f8-705d-4777-a938-e081b01ad41c",
        "tenant_id": "69f8f7205ade4aa59084c32c83e60b5a", "dns_nameservers": [], "gateway_ip":
        "172.16.19.1", "ipv6_ra_mode": null, "allocation_pools": [{"start": "172.16.19.21",
        "end": "172.16.19.23"}], "host_routes": [], "ip_version": 4, "ipv6_address_mode":
        null, "cidr": "172.16.19.0/24", "id": "c68ac5c0-9d9e-438b-a10f-6d0faeee0790",
        "subnetpool_id": null}, {"name": "EmsRefreshSpec-SubnetPrivate_20", "enable_dhcp":
        true, "network_id": "9e63fc1a-c0d4-4a1d-b91c-07e6c9c85076", "tenant_id": "69f8f7205ade4aa59084c32c83e60b5a",
        "dns_nameservers": [], "gateway_ip": "192.168.20.1", "ipv6_ra_mode": null,
        "allocation_pools": [{"start": "192.168.20.2", "end": "192.168.20.254"}],
        "host_routes": [], "ip_version": 4, "ipv6_address_mode": null, "cidr": "192.168.20.0/24",
        "id": "2092b802-1034-4fb8-9c5e-1ec61d1e463f", "subnetpool_id": null}, {"name":
        "EmsRefreshSpec-SubnetPrivate_2", "enable_dhcp": true, "network_id": "4fadcfb0-493b-4a00-a2a8-e357f8115d96",
        "tenant_id": "69f8f7205ade4aa59084c32c83e60b5a", "dns_nameservers": [], "gateway_ip":
        "192.168.2.1", "ipv6_ra_mode": null, "allocation_pools": [{"start": "192.168.2.2",
        "end": "192.168.2.254"}], "host_routes": [], "ip_version": 4, "ipv6_address_mode":
        null, "cidr": "192.168.2.0/24", "id": "bb23bb48-804d-4416-bac3-231db23841e8",
        "subnetpool_id": null}, {"name": "EmsRefreshSpec-SubnetPublic_51", "enable_dhcp":
        false, "network_id": "6b46d522-85a1-4ce2-a276-2fab7cde0946", "tenant_id":
        "69f8f7205ade4aa59084c32c83e60b5a", "dns_nameservers": [], "gateway_ip": "172.16.51.1",
        "ipv6_ra_mode": null, "allocation_pools": [{"start": "172.16.51.2", "end":
        "172.16.51.254"}], "host_routes": [], "ip_version": 4, "ipv6_address_mode":
        null, "cidr": "172.16.51.0/24", "id": "68682f0f-b0e4-4f6d-9f96-d1dfb6a6c2b2",
        "subnetpool_id": null}, {"name": "EmsRefreshSpec-SubnetPublic_10", "enable_dhcp":
        false, "network_id": "83e63648-5a43-4db0-907c-cf9ca0150336", "tenant_id":
        "69f8f7205ade4aa59084c32c83e60b5a", "dns_nameservers": [], "gateway_ip": "172.16.18.1",
        "ipv6_ra_mode": null, "allocation_pools": [{"start": "172.16.18.2", "end":
        "172.16.18.254"}], "host_routes": [], "ip_version": 4, "ipv6_address_mode":
        null, "cidr": "172.16.18.0/24", "id": "93c2f53c-df39-491e-b45b-ce8b36b29437",
        "subnetpool_id": null}, {"name": "EmsRefreshSpec-SubnetPublic_30", "enable_dhcp":
        false, "network_id": "64bf0546-b600-4bd7-a519-9353bde2e235", "tenant_id":
        "69f8f7205ade4aa59084c32c83e60b5a", "dns_nameservers": [], "gateway_ip": "172.16.20.1",
        "ipv6_ra_mode": null, "allocation_pools": [{"start": "172.16.20.2", "end":
        "172.16.20.254"}], "host_routes": [], "ip_version": 4, "ipv6_address_mode":
        null, "cidr": "172.16.20.0/24", "id": "4d8b0801-addf-4ad4-8f46-e5bffa6a1002",
        "subnetpool_id": null}, {"name": "EmsRefreshSpec-SubnetPrivate_31", "enable_dhcp":
        true, "network_id": "c82b70e9-0847-43e9-9bde-b98b1ae445e9", "tenant_id": "69f8f7205ade4aa59084c32c83e60b5a",
        "dns_nameservers": [], "gateway_ip": "192.168.31.1", "ipv6_ra_mode": null,
        "allocation_pools": [{"start": "192.168.31.2", "end": "192.168.31.254"}],
        "host_routes": [], "ip_version": 4, "ipv6_address_mode": null, "cidr": "192.168.31.0/24",
        "id": "841b5584-f86f-4abd-9bc2-f445b8bc860b", "subnetpool_id": null}, {"name":
        "EmsRefreshSpec-IsolatedSubnetPrivate_1", "enable_dhcp": true, "network_id":
        "560b4210-2b5a-4439-8d24-203e09478f48", "tenant_id": "69f8f7205ade4aa59084c32c83e60b5a",
        "dns_nameservers": [], "gateway_ip": "192.168.40.1", "ipv6_ra_mode": null,
        "allocation_pools": [{"start": "192.168.40.2", "end": "192.168.40.254"}],
        "host_routes": [], "ip_version": 4, "ipv6_address_mode": null, "cidr": "192.168.40.0/24",
        "id": "448a986a-19a9-4684-ab6e-25cbf19ae30d", "subnetpool_id": null}, {"name":
        "EmsRefreshSpec-IsolatedSubnetPrivate_21", "enable_dhcp": true, "network_id":
        "6ad8942f-11ef-4419-bdf5-9ba3561b6281", "tenant_id": "69f8f7205ade4aa59084c32c83e60b5a",
        "dns_nameservers": [], "gateway_ip": "192.168.51.1", "ipv6_ra_mode": null,
        "allocation_pools": [{"start": "192.168.51.2", "end": "192.168.51.254"}],
        "host_routes": [], "ip_version": 4, "ipv6_address_mode": null, "cidr": "192.168.51.0/24",
        "id": "edfcb49b-e917-4897-b8ae-859ef3dae2de", "subnetpool_id": null}, {"name":
        "EmsRefreshSpec-SubnetPrivate_30", "enable_dhcp": true, "network_id": "c82b70e9-0847-43e9-9bde-b98b1ae445e9",
        "tenant_id": "69f8f7205ade4aa59084c32c83e60b5a", "dns_nameservers": [], "gateway_ip":
        "192.168.30.1", "ipv6_ra_mode": null, "allocation_pools": [{"start": "192.168.30.2",
        "end": "192.168.30.254"}], "host_routes": [], "ip_version": 4, "ipv6_address_mode":
        null, "cidr": "192.168.30.0/24", "id": "39628ee0-d5ff-4a88-ae66-80442e5feefd",
        "subnetpool_id": null}, {"name": "EmsRefreshSpec-SubnetPublic_50", "enable_dhcp":
        false, "network_id": "6b46d522-85a1-4ce2-a276-2fab7cde0946", "tenant_id":
        "69f8f7205ade4aa59084c32c83e60b5a", "dns_nameservers": [], "gateway_ip": "172.16.50.1",
        "ipv6_ra_mode": null, "allocation_pools": [{"start": "172.16.50.2", "end":
        "172.16.50.254"}], "host_routes": [], "ip_version": 4, "ipv6_address_mode":
        null, "cidr": "172.16.50.0/24", "id": "d71653c5-34d2-47bd-9cd2-d93330a34d44",
        "subnetpool_id": null}, {"name": "EmsRefreshSpec-SubnetPrivate_12", "enable_dhcp":
        true, "network_id": "c0e8e42b-005e-4183-8f25-fa91b3e441c1", "tenant_id": "69f8f7205ade4aa59084c32c83e60b5a",
        "dns_nameservers": ["8.8.8.8"], "gateway_ip": "192.168.1.1", "ipv6_ra_mode":
        null, "allocation_pools": [{"start": "192.168.1.2", "end": "192.168.1.254"}],
        "host_routes": [], "ip_version": 4, "ipv6_address_mode": null, "cidr": "192.168.1.0/24",
        "id": "d53802a5-f0f6-48ba-9207-dbd9b13acac3", "subnetpool_id": null}, {"name":
        "EmsRefreshSpec-SubnetPrivate", "enable_dhcp": true, "network_id": "c0e8e42b-005e-4183-8f25-fa91b3e441c1",
        "tenant_id": "69f8f7205ade4aa59084c32c83e60b5a", "dns_nameservers": ["8.8.8.8"],
        "gateway_ip": "192.168.0.1", "ipv6_ra_mode": null, "allocation_pools": [{"start":
        "192.168.0.3", "end": "192.168.0.5"}, {"start": "192.168.0.8", "end": "192.168.0.8"}],
        "host_routes": [], "ip_version": 4, "ipv6_address_mode": null, "cidr": "192.168.0.0/24",
        "id": "104c081f-97dd-42b7-8930-98abbd015c74", "subnetpool_id": null}]}'
    http_version: 
  recorded_at: Wed, 17 Jan 2018 22:07:52 GMT
- request:
    method: get
    uri: http://10.8.99.233:9696/v2.0/ports/dda2ebad-f144-4f63-9a75-cbd4fe25e3e9
    body:
      encoding: US-ASCII
      string: ''
    headers:
      User-Agent:
      - fog-core/1.45.0
      Content-Type:
      - application/json
      Accept:
      - application/json
      X-Auth-Token:
      - 6325bed0acc146cfb18ad20dacd8b95d
  response:
    status:
      code: 200
      message: OK
    headers:
      Content-Type:
      - application/json; charset=UTF-8
      Content-Length:
      - '954'
      X-Openstack-Request-Id:
      - req-1a94c00d-c0c2-42d8-b46f-f78020c5ff19
      Date:
      - Wed, 17 Jan 2018 22:07:52 GMT
    body:
      encoding: ASCII-8BIT
      string: '{"port": {"status": "ACTIVE", "binding:host_id": "11.22.33.44",
        "allowed_address_pairs": [], "extra_dhcp_opts": [], "dns_assignment": [{"hostname":
        "host-192-168-0-5", "ip_address": "192.168.0.5", "fqdn": "host-192-168-0-5.openstacklocal."}],
        "device_owner": "compute:None", "binding:profile": {}, "fixed_ips": [{"subnet_id":
        "104c081f-97dd-42b7-8930-98abbd015c74", "ip_address": "192.168.0.5"}], "id":
        "dda2ebad-f144-4f63-9a75-cbd4fe25e3e9", "security_groups": ["e4836528-d0df-425e-a117-ae8ec6f356d4",
        "fd147cb7-7456-43d9-a01f-c06e21b4e6fb"], "device_id": "ca4f3a16-bae3-4407-83e9-f77b28af0f2b",
        "name": "", "admin_state_up": true, "network_id": "c0e8e42b-005e-4183-8f25-fa91b3e441c1",
        "dns_name": "", "binding:vif_details": {"port_filter": true, "ovs_hybrid_plug":
        true}, "binding:vnic_type": "normal", "binding:vif_type": "ovs", "tenant_id":
        "69f8f7205ade4aa59084c32c83e60b5a", "mac_address": "fa:16:3e:e1:0b:2c"}}'
    http_version: 
  recorded_at: Wed, 17 Jan 2018 22:07:52 GMT
- request:
    method: get
    uri: http://11.22.33.44:5000/v2.0/tenants
    body:
      encoding: US-ASCII
      string: ''
    headers:
      User-Agent:
      - fog-core/1.45.0
      Content-Type:
      - application/json
      Accept:
      - application/json
      X-Auth-Token:
      - f819c8897c034c20be011607979ec35f
  response:
    status:
      code: 200
      message: OK
    headers:
      Date:
      - Wed, 17 Jan 2018 22:07:52 GMT
      Server:
      - Apache/2.4.6 (Red Hat Enterprise Linux)
      Vary:
      - X-Auth-Token,Accept-Encoding
      X-Openstack-Request-Id:
      - req-d312e8f9-93d1-45d5-9088-9fe599b3ffcb
      Content-Length:
      - '500'
      Connection:
      - close
      Content-Type:
      - application/json
    body:
      encoding: ASCII-8BIT
      string: '{"tenants_links": [], "tenants": [{"description": "", "enabled": true,
        "id": "69f8f7205ade4aa59084c32c83e60b5a", "name": "EmsRefreshSpec-Project"},
        {"description": "", "enabled": true, "id": "b458a5c25c3749758f4c0661940b3ba8",
        "name": "EmsRefreshSpec-Project-No-Admin-Role"}, {"description": "admin tenant",
        "enabled": true, "id": "e54e5c3c19e34720b05661f2ea1ea00a", "name": "admin"},
        {"description": "", "enabled": true, "id": "e8f744b1fc6a487681d35fb275252608",
        "name": "EmsRefreshSpec-Project2"}]}'
    http_version: 
  recorded_at: Wed, 17 Jan 2018 22:07:52 GMT
- request:
    method: post
    uri: http://11.22.33.44:5000/v2.0/tokens
    body:
      encoding: UTF-8
      string: '{"auth":{"passwordCredentials":{"username":"admin","password":"password_2WpEraURh"},"tenantName":"EmsRefreshSpec-Project"}}'
    headers:
      User-Agent:
      - fog-core/1.45.0
      Content-Type:
      - application/json
  response:
    status:
      code: 200
      message: OK
    headers:
      Date:
      - Wed, 17 Jan 2018 22:07:52 GMT
      Server:
      - Apache/2.4.6 (Red Hat Enterprise Linux)
      Vary:
      - X-Auth-Token,Accept-Encoding
      X-Openstack-Request-Id:
      - req-7a0d1b23-efa3-4c4f-99da-1e405135f728
      Content-Length:
      - '4117'
      Connection:
      - close
      Content-Type:
      - application/json
    body:
      encoding: ASCII-8BIT
      string: '{"access": {"token": {"issued_at": "2018-01-17T22:07:52.810521", "expires":
        "2018-01-17T23:07:52Z", "id": "4bf97468b67947c591ef7a5c243e7fe2", "tenant":
        {"description": "", "enabled": true, "id": "69f8f7205ade4aa59084c32c83e60b5a",
        "name": "EmsRefreshSpec-Project"}, "audit_ids": ["-XzKQs9iRyCFekM6U3WXhg"]},
        "serviceCatalog": [{"endpoints": [{"adminURL": "http://10.8.99.233:8774/v2/69f8f7205ade4aa59084c32c83e60b5a",
        "region": "RegionOne", "internalURL": "http://10.8.99.233:8774/v2/69f8f7205ade4aa59084c32c83e60b5a",
        "id": "33f58c6950134a2381bb3668fae5a325", "publicURL": "http://10.8.99.233:8774/v2/69f8f7205ade4aa59084c32c83e60b5a"}],
        "endpoints_links": [], "type": "compute", "name": "nova"}, {"endpoints": [{"adminURL":
        "http://10.8.99.233:9696", "region": "RegionOne", "internalURL": "http://10.8.99.233:9696",
        "id": "5b097055aff24a40aa4cd2d7317c9108", "publicURL": "http://10.8.99.233:9696"}],
        "endpoints_links": [], "type": "network", "name": "neutron"}, {"endpoints":
        [{"adminURL": "http://10.8.99.233:8776/v2/69f8f7205ade4aa59084c32c83e60b5a",
        "region": "RegionOne", "internalURL": "http://10.8.99.233:8776/v2/69f8f7205ade4aa59084c32c83e60b5a",
        "id": "13c4208d548d4bcdaedfe8296b6559ee", "publicURL": "http://10.8.99.233:8776/v2/69f8f7205ade4aa59084c32c83e60b5a"}],
        "endpoints_links": [], "type": "volumev2", "name": "cinderv2"}, {"endpoints":
        [{"adminURL": "http://127.0.0.1:8774/v3", "region": "RegionOne", "internalURL":
        "http://127.0.0.1:8774/v3", "id": "3874f107e1a0461596883a12743dbcc0", "publicURL":
        "http://127.0.0.1:8774/v3"}], "endpoints_links": [], "type": "computev3",
        "name": "novav3"}, {"endpoints": [{"adminURL": "http://10.8.99.233:9292",
        "region": "RegionOne", "internalURL": "http://10.8.99.233:9292", "id": "75fcb24891654062ae1703e6b92f6018",
        "publicURL": "http://10.8.99.233:9292"}], "endpoints_links": [], "type": "image",
        "name": "glance"}, {"endpoints": [{"adminURL": "http://10.8.99.233:8777",
        "region": "RegionOne", "internalURL": "http://10.8.99.233:8777", "id": "2c972a2880d1453aad86104dcda88a55",
        "publicURL": "http://10.8.99.233:8777"}], "endpoints_links": [], "type": "metering",
        "name": "ceilometer"}, {"endpoints": [{"adminURL": "http://10.8.99.233:8776/v1/69f8f7205ade4aa59084c32c83e60b5a",
        "region": "RegionOne", "internalURL": "http://10.8.99.233:8776/v1/69f8f7205ade4aa59084c32c83e60b5a",
        "id": "410c753013fb430c9998f22f68c4cb18", "publicURL": "http://10.8.99.233:8776/v1/69f8f7205ade4aa59084c32c83e60b5a"}],
        "endpoints_links": [], "type": "volume", "name": "cinder"}, {"endpoints":
        [{"adminURL": "http://10.8.99.233:8773/services/Admin", "region": "RegionOne",
        "internalURL": "http://10.8.99.233:8773/services/Cloud", "id": "2833b001aa814ddf9216479d379cdac1",
        "publicURL": "http://10.8.99.233:8773/services/Cloud"}], "endpoints_links":
        [], "type": "ec2", "name": "nova_ec2"}, {"endpoints": [{"adminURL": "http://10.8.99.233:8004/v1/69f8f7205ade4aa59084c32c83e60b5a",
        "region": "RegionOne", "internalURL": "http://10.8.99.233:8004/v1/69f8f7205ade4aa59084c32c83e60b5a",
        "id": "a29a931a5667478c8b3724506a286144", "publicURL": "http://10.8.99.233:8004/v1/69f8f7205ade4aa59084c32c83e60b5a"}],
        "endpoints_links": [], "type": "orchestration", "name": "heat"}, {"endpoints":
        [{"adminURL": "http://10.8.99.233:8080", "region": "RegionOne", "internalURL":
        "http://10.8.99.233:8080/v1/AUTH_69f8f7205ade4aa59084c32c83e60b5a", "id":
        "7a2262abf515414ea08b3beedc87e51e", "publicURL": "http://10.8.99.233:8080/v1/AUTH_69f8f7205ade4aa59084c32c83e60b5a"}],
        "endpoints_links": [], "type": "object-store", "name": "swift"}, {"endpoints":
        [{"adminURL": "http://10.8.99.233:35357/v2.0", "region": "RegionOne", "internalURL":
        "http://10.8.99.233:5000/v2.0", "id": "5d1b7edf24e14ce29abaeee69e84e529",
        "publicURL": "http://10.8.99.233:5000/v2.0"}], "endpoints_links": [], "type":
        "identity", "name": "keystone"}], "user": {"username": "admin", "roles_links":
        [], "id": "80ea157498b44d08aa6d6f54b8a7c3e7", "roles": [{"name": "admin"},
        {"name": "heat_stack_owner"}], "name": "admin"}, "metadata": {"is_admin":
        0, "roles": ["bafabff3f3174e6ab41388bde984e1e5", "725d26e4ae494cc689c60f857e347267"]}}}'
    http_version: 
  recorded_at: Wed, 17 Jan 2018 22:07:52 GMT
- request:
    method: post
    uri: http://11.22.33.44:5000/v2.0/tokens
    body:
      encoding: UTF-8
      string: '{"auth":{"passwordCredentials":{"username":"admin","password":"password_2WpEraURh"},"tenantName":"EmsRefreshSpec-Project-No-Admin-Role"}}'
    headers:
      User-Agent:
      - fog-core/1.45.0
      Content-Type:
      - application/json
  response:
    status:
      code: 200
      message: OK
    headers:
      Date:
      - Wed, 17 Jan 2018 22:07:52 GMT
      Server:
      - Apache/2.4.6 (Red Hat Enterprise Linux)
      Vary:
      - X-Auth-Token,Accept-Encoding
      X-Openstack-Request-Id:
      - req-c040e747-3dd3-4722-a19a-2ec4726c3a05
      Content-Length:
      - '4131'
      Connection:
      - close
      Content-Type:
      - application/json
    body:
      encoding: ASCII-8BIT
      string: '{"access": {"token": {"issued_at": "2018-01-17T22:07:53.200607", "expires":
        "2018-01-17T23:07:53Z", "id": "db32dd59c69e4a769ca7750317d31ab6", "tenant":
        {"description": "", "enabled": true, "id": "b458a5c25c3749758f4c0661940b3ba8",
        "name": "EmsRefreshSpec-Project-No-Admin-Role"}, "audit_ids": ["GPN3iHRtSPCTMiPyVt3Ziw"]},
        "serviceCatalog": [{"endpoints": [{"adminURL": "http://10.8.99.233:8774/v2/b458a5c25c3749758f4c0661940b3ba8",
        "region": "RegionOne", "internalURL": "http://10.8.99.233:8774/v2/b458a5c25c3749758f4c0661940b3ba8",
        "id": "33f58c6950134a2381bb3668fae5a325", "publicURL": "http://10.8.99.233:8774/v2/b458a5c25c3749758f4c0661940b3ba8"}],
        "endpoints_links": [], "type": "compute", "name": "nova"}, {"endpoints": [{"adminURL":
        "http://10.8.99.233:9696", "region": "RegionOne", "internalURL": "http://10.8.99.233:9696",
        "id": "5b097055aff24a40aa4cd2d7317c9108", "publicURL": "http://10.8.99.233:9696"}],
        "endpoints_links": [], "type": "network", "name": "neutron"}, {"endpoints":
        [{"adminURL": "http://10.8.99.233:8776/v2/b458a5c25c3749758f4c0661940b3ba8",
        "region": "RegionOne", "internalURL": "http://10.8.99.233:8776/v2/b458a5c25c3749758f4c0661940b3ba8",
        "id": "13c4208d548d4bcdaedfe8296b6559ee", "publicURL": "http://10.8.99.233:8776/v2/b458a5c25c3749758f4c0661940b3ba8"}],
        "endpoints_links": [], "type": "volumev2", "name": "cinderv2"}, {"endpoints":
        [{"adminURL": "http://127.0.0.1:8774/v3", "region": "RegionOne", "internalURL":
        "http://127.0.0.1:8774/v3", "id": "3874f107e1a0461596883a12743dbcc0", "publicURL":
        "http://127.0.0.1:8774/v3"}], "endpoints_links": [], "type": "computev3",
        "name": "novav3"}, {"endpoints": [{"adminURL": "http://10.8.99.233:9292",
        "region": "RegionOne", "internalURL": "http://10.8.99.233:9292", "id": "75fcb24891654062ae1703e6b92f6018",
        "publicURL": "http://10.8.99.233:9292"}], "endpoints_links": [], "type": "image",
        "name": "glance"}, {"endpoints": [{"adminURL": "http://10.8.99.233:8777",
        "region": "RegionOne", "internalURL": "http://10.8.99.233:8777", "id": "2c972a2880d1453aad86104dcda88a55",
        "publicURL": "http://10.8.99.233:8777"}], "endpoints_links": [], "type": "metering",
        "name": "ceilometer"}, {"endpoints": [{"adminURL": "http://10.8.99.233:8776/v1/b458a5c25c3749758f4c0661940b3ba8",
        "region": "RegionOne", "internalURL": "http://10.8.99.233:8776/v1/b458a5c25c3749758f4c0661940b3ba8",
        "id": "410c753013fb430c9998f22f68c4cb18", "publicURL": "http://10.8.99.233:8776/v1/b458a5c25c3749758f4c0661940b3ba8"}],
        "endpoints_links": [], "type": "volume", "name": "cinder"}, {"endpoints":
        [{"adminURL": "http://10.8.99.233:8773/services/Admin", "region": "RegionOne",
        "internalURL": "http://10.8.99.233:8773/services/Cloud", "id": "2833b001aa814ddf9216479d379cdac1",
        "publicURL": "http://10.8.99.233:8773/services/Cloud"}], "endpoints_links":
        [], "type": "ec2", "name": "nova_ec2"}, {"endpoints": [{"adminURL": "http://10.8.99.233:8004/v1/b458a5c25c3749758f4c0661940b3ba8",
        "region": "RegionOne", "internalURL": "http://10.8.99.233:8004/v1/b458a5c25c3749758f4c0661940b3ba8",
        "id": "a29a931a5667478c8b3724506a286144", "publicURL": "http://10.8.99.233:8004/v1/b458a5c25c3749758f4c0661940b3ba8"}],
        "endpoints_links": [], "type": "orchestration", "name": "heat"}, {"endpoints":
        [{"adminURL": "http://10.8.99.233:8080", "region": "RegionOne", "internalURL":
        "http://10.8.99.233:8080/v1/AUTH_b458a5c25c3749758f4c0661940b3ba8", "id":
        "7a2262abf515414ea08b3beedc87e51e", "publicURL": "http://10.8.99.233:8080/v1/AUTH_b458a5c25c3749758f4c0661940b3ba8"}],
        "endpoints_links": [], "type": "object-store", "name": "swift"}, {"endpoints":
        [{"adminURL": "http://10.8.99.233:35357/v2.0", "region": "RegionOne", "internalURL":
        "http://10.8.99.233:5000/v2.0", "id": "5d1b7edf24e14ce29abaeee69e84e529",
        "publicURL": "http://10.8.99.233:5000/v2.0"}], "endpoints_links": [], "type":
        "identity", "name": "keystone"}], "user": {"username": "admin", "roles_links":
        [], "id": "80ea157498b44d08aa6d6f54b8a7c3e7", "roles": [{"name": "admin"},
        {"name": "heat_stack_owner"}], "name": "admin"}, "metadata": {"is_admin":
        0, "roles": ["bafabff3f3174e6ab41388bde984e1e5", "725d26e4ae494cc689c60f857e347267"]}}}'
    http_version: 
  recorded_at: Wed, 17 Jan 2018 22:07:53 GMT
- request:
    method: post
    uri: http://11.22.33.44:5000/v2.0/tokens
    body:
      encoding: UTF-8
      string: '{"auth":{"passwordCredentials":{"username":"admin","password":"password_2WpEraURh"},"tenantName":"EmsRefreshSpec-Project2"}}'
    headers:
      User-Agent:
      - fog-core/1.45.0
      Content-Type:
      - application/json
  response:
    status:
      code: 200
      message: OK
    headers:
      Date:
      - Wed, 17 Jan 2018 22:07:53 GMT
      Server:
      - Apache/2.4.6 (Red Hat Enterprise Linux)
      Vary:
      - X-Auth-Token,Accept-Encoding
      X-Openstack-Request-Id:
      - req-8833b93e-91eb-48a1-a459-07e84872b5f0
      Content-Length:
      - '4118'
      Connection:
      - close
      Content-Type:
      - application/json
    body:
      encoding: ASCII-8BIT
      string: '{"access": {"token": {"issued_at": "2018-01-17T22:07:53.546790", "expires":
        "2018-01-17T23:07:53Z", "id": "74ef4dd24ae54d33802c488576570e29", "tenant":
        {"description": "", "enabled": true, "id": "e8f744b1fc6a487681d35fb275252608",
        "name": "EmsRefreshSpec-Project2"}, "audit_ids": ["IpZFT8PMQk2mPzVPeZ_wNg"]},
        "serviceCatalog": [{"endpoints": [{"adminURL": "http://10.8.99.233:8774/v2/e8f744b1fc6a487681d35fb275252608",
        "region": "RegionOne", "internalURL": "http://10.8.99.233:8774/v2/e8f744b1fc6a487681d35fb275252608",
        "id": "33f58c6950134a2381bb3668fae5a325", "publicURL": "http://10.8.99.233:8774/v2/e8f744b1fc6a487681d35fb275252608"}],
        "endpoints_links": [], "type": "compute", "name": "nova"}, {"endpoints": [{"adminURL":
        "http://10.8.99.233:9696", "region": "RegionOne", "internalURL": "http://10.8.99.233:9696",
        "id": "5b097055aff24a40aa4cd2d7317c9108", "publicURL": "http://10.8.99.233:9696"}],
        "endpoints_links": [], "type": "network", "name": "neutron"}, {"endpoints":
        [{"adminURL": "http://10.8.99.233:8776/v2/e8f744b1fc6a487681d35fb275252608",
        "region": "RegionOne", "internalURL": "http://10.8.99.233:8776/v2/e8f744b1fc6a487681d35fb275252608",
        "id": "13c4208d548d4bcdaedfe8296b6559ee", "publicURL": "http://10.8.99.233:8776/v2/e8f744b1fc6a487681d35fb275252608"}],
        "endpoints_links": [], "type": "volumev2", "name": "cinderv2"}, {"endpoints":
        [{"adminURL": "http://127.0.0.1:8774/v3", "region": "RegionOne", "internalURL":
        "http://127.0.0.1:8774/v3", "id": "3874f107e1a0461596883a12743dbcc0", "publicURL":
        "http://127.0.0.1:8774/v3"}], "endpoints_links": [], "type": "computev3",
        "name": "novav3"}, {"endpoints": [{"adminURL": "http://10.8.99.233:9292",
        "region": "RegionOne", "internalURL": "http://10.8.99.233:9292", "id": "75fcb24891654062ae1703e6b92f6018",
        "publicURL": "http://10.8.99.233:9292"}], "endpoints_links": [], "type": "image",
        "name": "glance"}, {"endpoints": [{"adminURL": "http://10.8.99.233:8777",
        "region": "RegionOne", "internalURL": "http://10.8.99.233:8777", "id": "2c972a2880d1453aad86104dcda88a55",
        "publicURL": "http://10.8.99.233:8777"}], "endpoints_links": [], "type": "metering",
        "name": "ceilometer"}, {"endpoints": [{"adminURL": "http://10.8.99.233:8776/v1/e8f744b1fc6a487681d35fb275252608",
        "region": "RegionOne", "internalURL": "http://10.8.99.233:8776/v1/e8f744b1fc6a487681d35fb275252608",
        "id": "410c753013fb430c9998f22f68c4cb18", "publicURL": "http://10.8.99.233:8776/v1/e8f744b1fc6a487681d35fb275252608"}],
        "endpoints_links": [], "type": "volume", "name": "cinder"}, {"endpoints":
        [{"adminURL": "http://10.8.99.233:8773/services/Admin", "region": "RegionOne",
        "internalURL": "http://10.8.99.233:8773/services/Cloud", "id": "2833b001aa814ddf9216479d379cdac1",
        "publicURL": "http://10.8.99.233:8773/services/Cloud"}], "endpoints_links":
        [], "type": "ec2", "name": "nova_ec2"}, {"endpoints": [{"adminURL": "http://10.8.99.233:8004/v1/e8f744b1fc6a487681d35fb275252608",
        "region": "RegionOne", "internalURL": "http://10.8.99.233:8004/v1/e8f744b1fc6a487681d35fb275252608",
        "id": "a29a931a5667478c8b3724506a286144", "publicURL": "http://10.8.99.233:8004/v1/e8f744b1fc6a487681d35fb275252608"}],
        "endpoints_links": [], "type": "orchestration", "name": "heat"}, {"endpoints":
        [{"adminURL": "http://10.8.99.233:8080", "region": "RegionOne", "internalURL":
        "http://10.8.99.233:8080/v1/AUTH_e8f744b1fc6a487681d35fb275252608", "id":
        "7a2262abf515414ea08b3beedc87e51e", "publicURL": "http://10.8.99.233:8080/v1/AUTH_e8f744b1fc6a487681d35fb275252608"}],
        "endpoints_links": [], "type": "object-store", "name": "swift"}, {"endpoints":
        [{"adminURL": "http://10.8.99.233:35357/v2.0", "region": "RegionOne", "internalURL":
        "http://10.8.99.233:5000/v2.0", "id": "5d1b7edf24e14ce29abaeee69e84e529",
        "publicURL": "http://10.8.99.233:5000/v2.0"}], "endpoints_links": [], "type":
        "identity", "name": "keystone"}], "user": {"username": "admin", "roles_links":
        [], "id": "80ea157498b44d08aa6d6f54b8a7c3e7", "roles": [{"name": "admin"},
        {"name": "heat_stack_owner"}], "name": "admin"}, "metadata": {"is_admin":
        0, "roles": ["bafabff3f3174e6ab41388bde984e1e5", "725d26e4ae494cc689c60f857e347267"]}}}'
    http_version: 
  recorded_at: Wed, 17 Jan 2018 22:07:53 GMT
- request:
    method: post
    uri: http://11.22.33.44:5000/v2.0/tokens
    body:
      encoding: UTF-8
      string: '{"auth":{"passwordCredentials":{"username":"admin","password":"password_2WpEraURh"},"tenantName":"EmsRefreshSpec-Project"}}'
    headers:
      User-Agent:
      - fog-core/1.45.0
      Content-Type:
      - application/json
  response:
    status:
      code: 200
      message: OK
    headers:
      Date:
      - Wed, 17 Jan 2018 22:07:53 GMT
      Server:
      - Apache/2.4.6 (Red Hat Enterprise Linux)
      Vary:
      - X-Auth-Token,Accept-Encoding
      X-Openstack-Request-Id:
      - req-fa6bd206-2bb3-413f-838e-6b3d47d22653
      Content-Length:
      - '4117'
      Connection:
      - close
      Content-Type:
      - application/json
    body:
      encoding: ASCII-8BIT
      string: '{"access": {"token": {"issued_at": "2018-01-17T22:07:53.732472", "expires":
        "2018-01-17T23:07:53Z", "id": "852bb70b7f9b4b40a4f8769e9aa128fc", "tenant":
        {"description": "", "enabled": true, "id": "69f8f7205ade4aa59084c32c83e60b5a",
        "name": "EmsRefreshSpec-Project"}, "audit_ids": ["ZqaR5VrrQKeIx393MNhJIA"]},
        "serviceCatalog": [{"endpoints": [{"adminURL": "http://10.8.99.233:8774/v2/69f8f7205ade4aa59084c32c83e60b5a",
        "region": "RegionOne", "internalURL": "http://10.8.99.233:8774/v2/69f8f7205ade4aa59084c32c83e60b5a",
        "id": "33f58c6950134a2381bb3668fae5a325", "publicURL": "http://10.8.99.233:8774/v2/69f8f7205ade4aa59084c32c83e60b5a"}],
        "endpoints_links": [], "type": "compute", "name": "nova"}, {"endpoints": [{"adminURL":
        "http://10.8.99.233:9696", "region": "RegionOne", "internalURL": "http://10.8.99.233:9696",
        "id": "5b097055aff24a40aa4cd2d7317c9108", "publicURL": "http://10.8.99.233:9696"}],
        "endpoints_links": [], "type": "network", "name": "neutron"}, {"endpoints":
        [{"adminURL": "http://10.8.99.233:8776/v2/69f8f7205ade4aa59084c32c83e60b5a",
        "region": "RegionOne", "internalURL": "http://10.8.99.233:8776/v2/69f8f7205ade4aa59084c32c83e60b5a",
        "id": "13c4208d548d4bcdaedfe8296b6559ee", "publicURL": "http://10.8.99.233:8776/v2/69f8f7205ade4aa59084c32c83e60b5a"}],
        "endpoints_links": [], "type": "volumev2", "name": "cinderv2"}, {"endpoints":
        [{"adminURL": "http://127.0.0.1:8774/v3", "region": "RegionOne", "internalURL":
        "http://127.0.0.1:8774/v3", "id": "3874f107e1a0461596883a12743dbcc0", "publicURL":
        "http://127.0.0.1:8774/v3"}], "endpoints_links": [], "type": "computev3",
        "name": "novav3"}, {"endpoints": [{"adminURL": "http://10.8.99.233:9292",
        "region": "RegionOne", "internalURL": "http://10.8.99.233:9292", "id": "75fcb24891654062ae1703e6b92f6018",
        "publicURL": "http://10.8.99.233:9292"}], "endpoints_links": [], "type": "image",
        "name": "glance"}, {"endpoints": [{"adminURL": "http://10.8.99.233:8777",
        "region": "RegionOne", "internalURL": "http://10.8.99.233:8777", "id": "2c972a2880d1453aad86104dcda88a55",
        "publicURL": "http://10.8.99.233:8777"}], "endpoints_links": [], "type": "metering",
        "name": "ceilometer"}, {"endpoints": [{"adminURL": "http://10.8.99.233:8776/v1/69f8f7205ade4aa59084c32c83e60b5a",
        "region": "RegionOne", "internalURL": "http://10.8.99.233:8776/v1/69f8f7205ade4aa59084c32c83e60b5a",
        "id": "410c753013fb430c9998f22f68c4cb18", "publicURL": "http://10.8.99.233:8776/v1/69f8f7205ade4aa59084c32c83e60b5a"}],
        "endpoints_links": [], "type": "volume", "name": "cinder"}, {"endpoints":
        [{"adminURL": "http://10.8.99.233:8773/services/Admin", "region": "RegionOne",
        "internalURL": "http://10.8.99.233:8773/services/Cloud", "id": "2833b001aa814ddf9216479d379cdac1",
        "publicURL": "http://10.8.99.233:8773/services/Cloud"}], "endpoints_links":
        [], "type": "ec2", "name": "nova_ec2"}, {"endpoints": [{"adminURL": "http://10.8.99.233:8004/v1/69f8f7205ade4aa59084c32c83e60b5a",
        "region": "RegionOne", "internalURL": "http://10.8.99.233:8004/v1/69f8f7205ade4aa59084c32c83e60b5a",
        "id": "a29a931a5667478c8b3724506a286144", "publicURL": "http://10.8.99.233:8004/v1/69f8f7205ade4aa59084c32c83e60b5a"}],
        "endpoints_links": [], "type": "orchestration", "name": "heat"}, {"endpoints":
        [{"adminURL": "http://10.8.99.233:8080", "region": "RegionOne", "internalURL":
        "http://10.8.99.233:8080/v1/AUTH_69f8f7205ade4aa59084c32c83e60b5a", "id":
        "7a2262abf515414ea08b3beedc87e51e", "publicURL": "http://10.8.99.233:8080/v1/AUTH_69f8f7205ade4aa59084c32c83e60b5a"}],
        "endpoints_links": [], "type": "object-store", "name": "swift"}, {"endpoints":
        [{"adminURL": "http://10.8.99.233:35357/v2.0", "region": "RegionOne", "internalURL":
        "http://10.8.99.233:5000/v2.0", "id": "5d1b7edf24e14ce29abaeee69e84e529",
        "publicURL": "http://10.8.99.233:5000/v2.0"}], "endpoints_links": [], "type":
        "identity", "name": "keystone"}], "user": {"username": "admin", "roles_links":
        [], "id": "80ea157498b44d08aa6d6f54b8a7c3e7", "roles": [{"name": "admin"},
        {"name": "heat_stack_owner"}], "name": "admin"}, "metadata": {"is_admin":
        0, "roles": ["bafabff3f3174e6ab41388bde984e1e5", "725d26e4ae494cc689c60f857e347267"]}}}'
    http_version: 
  recorded_at: Wed, 17 Jan 2018 22:07:53 GMT
- request:
    method: get
    uri: http://10.8.99.233:9696/v2.0/ports?device_id=57e17608-8ac6-44a6-803e-f42ec15e9d1e&limit=1000
    body:
      encoding: US-ASCII
      string: ''
    headers:
      User-Agent:
      - fog-core/1.45.0
      Content-Type:
      - application/json
      Accept:
      - application/json
      X-Auth-Token:
      - 852bb70b7f9b4b40a4f8769e9aa128fc
  response:
    status:
      code: 200
      message: OK
    headers:
      Content-Type:
      - application/json; charset=UTF-8
      Content-Length:
      - '2617'
      X-Openstack-Request-Id:
      - req-d83aa75b-665a-4871-b122-60ca7f49ce60
      Date:
      - Wed, 17 Jan 2018 22:07:53 GMT
    body:
      encoding: ASCII-8BIT
      string: '{"ports": [{"status": "ACTIVE", "binding:host_id": "11.22.33.44",
        "allowed_address_pairs": [], "extra_dhcp_opts": [], "dns_assignment": [{"hostname":
        "host-192-168-1-1", "ip_address": "192.168.1.1", "fqdn": "host-192-168-1-1.openstacklocal."}],
        "device_owner": "network:router_interface", "binding:profile": {}, "fixed_ips":
        [{"subnet_id": "d53802a5-f0f6-48ba-9207-dbd9b13acac3", "ip_address": "192.168.1.1"}],
        "id": "02b5cbb1-6072-429c-b185-89f44b552d40", "security_groups": [], "device_id":
        "57e17608-8ac6-44a6-803e-f42ec15e9d1e", "name": "", "admin_state_up": true,
        "network_id": "c0e8e42b-005e-4183-8f25-fa91b3e441c1", "dns_name": "", "binding:vif_details":
        {"port_filter": true, "ovs_hybrid_plug": true}, "binding:vnic_type": "normal",
        "binding:vif_type": "ovs", "tenant_id": "69f8f7205ade4aa59084c32c83e60b5a",
        "mac_address": "fa:16:3e:b5:f7:9c"}, {"status": "ACTIVE", "binding:host_id":
        "11.22.33.44", "allowed_address_pairs":
        [], "extra_dhcp_opts": [], "dns_assignment": [{"hostname": "host-192-168-0-1",
        "ip_address": "192.168.0.1", "fqdn": "host-192-168-0-1.openstacklocal."}],
        "device_owner": "network:router_interface", "binding:profile": {}, "fixed_ips":
        [{"subnet_id": "104c081f-97dd-42b7-8930-98abbd015c74", "ip_address": "192.168.0.1"}],
        "id": "400d31a8-18da-40c3-82f5-47c250b56d01", "security_groups": [], "device_id":
        "57e17608-8ac6-44a6-803e-f42ec15e9d1e", "name": "", "admin_state_up": true,
        "network_id": "c0e8e42b-005e-4183-8f25-fa91b3e441c1", "dns_name": "", "binding:vif_details":
        {"port_filter": true, "ovs_hybrid_plug": true}, "binding:vnic_type": "normal",
        "binding:vif_type": "ovs", "tenant_id": "69f8f7205ade4aa59084c32c83e60b5a",
        "mac_address": "fa:16:3e:3e:2a:33"}, {"status": "ACTIVE", "binding:host_id":
        "11.22.33.44", "allowed_address_pairs":
        [], "extra_dhcp_opts": [], "dns_assignment": [{"hostname": "host-172-16-17-2",
        "ip_address": "172.16.17.2", "fqdn": "host-172-16-17-2.openstacklocal."}],
        "device_owner": "network:router_gateway", "binding:profile": {}, "fixed_ips":
        [{"subnet_id": "33da95a6-bded-44d8-be36-6cc97f3d72bd", "ip_address": "172.16.17.2"}],
        "id": "9330caba-d3ec-4675-b68a-b80fffae6365", "security_groups": [], "device_id":
        "57e17608-8ac6-44a6-803e-f42ec15e9d1e", "name": "", "admin_state_up": true,
        "network_id": "20af6027-7aeb-432a-ab3b-d7217faa2f1c", "dns_name": "", "binding:vif_details":
        {"port_filter": true, "ovs_hybrid_plug": true}, "binding:vnic_type": "normal",
        "binding:vif_type": "ovs", "tenant_id": "", "mac_address": "fa:16:3e:2e:66:be"}]}'
    http_version: 
  recorded_at: Wed, 17 Jan 2018 22:07:53 GMT
- request:
    method: get
    uri: http://10.8.99.233:9696/v2.0/ports?device_id=57e17608-8ac6-44a6-803e-f42ec15e9d1e&limit=1000&marker=9330caba-d3ec-4675-b68a-b80fffae6365
    body:
      encoding: US-ASCII
      string: ''
    headers:
      User-Agent:
      - fog-core/1.45.0
      Content-Type:
      - application/json
      Accept:
      - application/json
      X-Auth-Token:
      - 852bb70b7f9b4b40a4f8769e9aa128fc
  response:
    status:
      code: 200
      message: OK
    headers:
      Content-Type:
      - application/json; charset=UTF-8
      Content-Length:
      - '2617'
      X-Openstack-Request-Id:
      - req-c5ec07cb-ea04-4851-b303-0fab8d9462f8
      Date:
      - Wed, 17 Jan 2018 22:07:54 GMT
    body:
      encoding: ASCII-8BIT
      string: '{"ports": [{"status": "ACTIVE", "binding:host_id": "11.22.33.44",
        "allowed_address_pairs": [], "extra_dhcp_opts": [], "dns_assignment": [{"hostname":
        "host-192-168-1-1", "ip_address": "192.168.1.1", "fqdn": "host-192-168-1-1.openstacklocal."}],
        "device_owner": "network:router_interface", "binding:profile": {}, "fixed_ips":
        [{"subnet_id": "d53802a5-f0f6-48ba-9207-dbd9b13acac3", "ip_address": "192.168.1.1"}],
        "id": "02b5cbb1-6072-429c-b185-89f44b552d40", "security_groups": [], "device_id":
        "57e17608-8ac6-44a6-803e-f42ec15e9d1e", "name": "", "admin_state_up": true,
        "network_id": "c0e8e42b-005e-4183-8f25-fa91b3e441c1", "dns_name": "", "binding:vif_details":
        {"port_filter": true, "ovs_hybrid_plug": true}, "binding:vnic_type": "normal",
        "binding:vif_type": "ovs", "tenant_id": "69f8f7205ade4aa59084c32c83e60b5a",
        "mac_address": "fa:16:3e:b5:f7:9c"}, {"status": "ACTIVE", "binding:host_id":
        "11.22.33.44", "allowed_address_pairs":
        [], "extra_dhcp_opts": [], "dns_assignment": [{"hostname": "host-192-168-0-1",
        "ip_address": "192.168.0.1", "fqdn": "host-192-168-0-1.openstacklocal."}],
        "device_owner": "network:router_interface", "binding:profile": {}, "fixed_ips":
        [{"subnet_id": "104c081f-97dd-42b7-8930-98abbd015c74", "ip_address": "192.168.0.1"}],
        "id": "400d31a8-18da-40c3-82f5-47c250b56d01", "security_groups": [], "device_id":
        "57e17608-8ac6-44a6-803e-f42ec15e9d1e", "name": "", "admin_state_up": true,
        "network_id": "c0e8e42b-005e-4183-8f25-fa91b3e441c1", "dns_name": "", "binding:vif_details":
        {"port_filter": true, "ovs_hybrid_plug": true}, "binding:vnic_type": "normal",
        "binding:vif_type": "ovs", "tenant_id": "69f8f7205ade4aa59084c32c83e60b5a",
        "mac_address": "fa:16:3e:3e:2a:33"}, {"status": "ACTIVE", "binding:host_id":
        "11.22.33.44", "allowed_address_pairs":
        [], "extra_dhcp_opts": [], "dns_assignment": [{"hostname": "host-172-16-17-2",
        "ip_address": "172.16.17.2", "fqdn": "host-172-16-17-2.openstacklocal."}],
        "device_owner": "network:router_gateway", "binding:profile": {}, "fixed_ips":
        [{"subnet_id": "33da95a6-bded-44d8-be36-6cc97f3d72bd", "ip_address": "172.16.17.2"}],
        "id": "9330caba-d3ec-4675-b68a-b80fffae6365", "security_groups": [], "device_id":
        "57e17608-8ac6-44a6-803e-f42ec15e9d1e", "name": "", "admin_state_up": true,
        "network_id": "20af6027-7aeb-432a-ab3b-d7217faa2f1c", "dns_name": "", "binding:vif_details":
        {"port_filter": true, "ovs_hybrid_plug": true}, "binding:vnic_type": "normal",
        "binding:vif_type": "ovs", "tenant_id": "", "mac_address": "fa:16:3e:2e:66:be"}]}'
    http_version: 
  recorded_at: Wed, 17 Jan 2018 22:07:54 GMT
- request:
    method: post
    uri: http://11.22.33.44:5000/v2.0/tokens
    body:
      encoding: UTF-8
      string: '{"auth":{"passwordCredentials":{"username":"admin","password":"password_2WpEraURh"},"tenantName":"EmsRefreshSpec-Project-No-Admin-Role"}}'
    headers:
      User-Agent:
      - fog-core/1.45.0
      Content-Type:
      - application/json
  response:
    status:
      code: 200
      message: OK
    headers:
      Date:
      - Wed, 17 Jan 2018 22:07:54 GMT
      Server:
      - Apache/2.4.6 (Red Hat Enterprise Linux)
      Vary:
      - X-Auth-Token,Accept-Encoding
      X-Openstack-Request-Id:
      - req-ac6b59c3-fc9f-41c0-bcb8-710ee3fe12d0
      Content-Length:
      - '4131'
      Connection:
      - close
      Content-Type:
      - application/json
    body:
      encoding: ASCII-8BIT
      string: '{"access": {"token": {"issued_at": "2018-01-17T22:07:54.457484", "expires":
        "2018-01-17T23:07:54Z", "id": "00d609fd99124f4f83aba84bf87ec7a9", "tenant":
        {"description": "", "enabled": true, "id": "b458a5c25c3749758f4c0661940b3ba8",
        "name": "EmsRefreshSpec-Project-No-Admin-Role"}, "audit_ids": ["N2j9R4vJTo-JWNt8UJMdfQ"]},
        "serviceCatalog": [{"endpoints": [{"adminURL": "http://10.8.99.233:8774/v2/b458a5c25c3749758f4c0661940b3ba8",
        "region": "RegionOne", "internalURL": "http://10.8.99.233:8774/v2/b458a5c25c3749758f4c0661940b3ba8",
        "id": "33f58c6950134a2381bb3668fae5a325", "publicURL": "http://10.8.99.233:8774/v2/b458a5c25c3749758f4c0661940b3ba8"}],
        "endpoints_links": [], "type": "compute", "name": "nova"}, {"endpoints": [{"adminURL":
        "http://10.8.99.233:9696", "region": "RegionOne", "internalURL": "http://10.8.99.233:9696",
        "id": "5b097055aff24a40aa4cd2d7317c9108", "publicURL": "http://10.8.99.233:9696"}],
        "endpoints_links": [], "type": "network", "name": "neutron"}, {"endpoints":
        [{"adminURL": "http://10.8.99.233:8776/v2/b458a5c25c3749758f4c0661940b3ba8",
        "region": "RegionOne", "internalURL": "http://10.8.99.233:8776/v2/b458a5c25c3749758f4c0661940b3ba8",
        "id": "13c4208d548d4bcdaedfe8296b6559ee", "publicURL": "http://10.8.99.233:8776/v2/b458a5c25c3749758f4c0661940b3ba8"}],
        "endpoints_links": [], "type": "volumev2", "name": "cinderv2"}, {"endpoints":
        [{"adminURL": "http://127.0.0.1:8774/v3", "region": "RegionOne", "internalURL":
        "http://127.0.0.1:8774/v3", "id": "3874f107e1a0461596883a12743dbcc0", "publicURL":
        "http://127.0.0.1:8774/v3"}], "endpoints_links": [], "type": "computev3",
        "name": "novav3"}, {"endpoints": [{"adminURL": "http://10.8.99.233:9292",
        "region": "RegionOne", "internalURL": "http://10.8.99.233:9292", "id": "75fcb24891654062ae1703e6b92f6018",
        "publicURL": "http://10.8.99.233:9292"}], "endpoints_links": [], "type": "image",
        "name": "glance"}, {"endpoints": [{"adminURL": "http://10.8.99.233:8777",
        "region": "RegionOne", "internalURL": "http://10.8.99.233:8777", "id": "2c972a2880d1453aad86104dcda88a55",
        "publicURL": "http://10.8.99.233:8777"}], "endpoints_links": [], "type": "metering",
        "name": "ceilometer"}, {"endpoints": [{"adminURL": "http://10.8.99.233:8776/v1/b458a5c25c3749758f4c0661940b3ba8",
        "region": "RegionOne", "internalURL": "http://10.8.99.233:8776/v1/b458a5c25c3749758f4c0661940b3ba8",
        "id": "410c753013fb430c9998f22f68c4cb18", "publicURL": "http://10.8.99.233:8776/v1/b458a5c25c3749758f4c0661940b3ba8"}],
        "endpoints_links": [], "type": "volume", "name": "cinder"}, {"endpoints":
        [{"adminURL": "http://10.8.99.233:8773/services/Admin", "region": "RegionOne",
        "internalURL": "http://10.8.99.233:8773/services/Cloud", "id": "2833b001aa814ddf9216479d379cdac1",
        "publicURL": "http://10.8.99.233:8773/services/Cloud"}], "endpoints_links":
        [], "type": "ec2", "name": "nova_ec2"}, {"endpoints": [{"adminURL": "http://10.8.99.233:8004/v1/b458a5c25c3749758f4c0661940b3ba8",
        "region": "RegionOne", "internalURL": "http://10.8.99.233:8004/v1/b458a5c25c3749758f4c0661940b3ba8",
        "id": "a29a931a5667478c8b3724506a286144", "publicURL": "http://10.8.99.233:8004/v1/b458a5c25c3749758f4c0661940b3ba8"}],
        "endpoints_links": [], "type": "orchestration", "name": "heat"}, {"endpoints":
        [{"adminURL": "http://10.8.99.233:8080", "region": "RegionOne", "internalURL":
        "http://10.8.99.233:8080/v1/AUTH_b458a5c25c3749758f4c0661940b3ba8", "id":
        "7a2262abf515414ea08b3beedc87e51e", "publicURL": "http://10.8.99.233:8080/v1/AUTH_b458a5c25c3749758f4c0661940b3ba8"}],
        "endpoints_links": [], "type": "object-store", "name": "swift"}, {"endpoints":
        [{"adminURL": "http://10.8.99.233:35357/v2.0", "region": "RegionOne", "internalURL":
        "http://10.8.99.233:5000/v2.0", "id": "5d1b7edf24e14ce29abaeee69e84e529",
        "publicURL": "http://10.8.99.233:5000/v2.0"}], "endpoints_links": [], "type":
        "identity", "name": "keystone"}], "user": {"username": "admin", "roles_links":
        [], "id": "80ea157498b44d08aa6d6f54b8a7c3e7", "roles": [{"name": "admin"},
        {"name": "heat_stack_owner"}], "name": "admin"}, "metadata": {"is_admin":
        0, "roles": ["bafabff3f3174e6ab41388bde984e1e5", "725d26e4ae494cc689c60f857e347267"]}}}'
    http_version: 
  recorded_at: Wed, 17 Jan 2018 22:07:54 GMT
- request:
    method: get
    uri: http://10.8.99.233:9696/v2.0/ports?device_id=57e17608-8ac6-44a6-803e-f42ec15e9d1e&limit=1000
    body:
      encoding: US-ASCII
      string: ''
    headers:
      User-Agent:
      - fog-core/1.45.0
      Content-Type:
      - application/json
      Accept:
      - application/json
      X-Auth-Token:
      - 00d609fd99124f4f83aba84bf87ec7a9
  response:
    status:
      code: 200
      message: OK
    headers:
      Content-Type:
      - application/json; charset=UTF-8
      Content-Length:
      - '2617'
      X-Openstack-Request-Id:
      - req-8da8820c-ffbe-40f5-bd1f-9f2e0484742a
      Date:
      - Wed, 17 Jan 2018 22:07:54 GMT
    body:
      encoding: ASCII-8BIT
      string: '{"ports": [{"status": "ACTIVE", "binding:host_id": "11.22.33.44",
        "allowed_address_pairs": [], "extra_dhcp_opts": [], "dns_assignment": [{"hostname":
        "host-192-168-1-1", "ip_address": "192.168.1.1", "fqdn": "host-192-168-1-1.openstacklocal."}],
        "device_owner": "network:router_interface", "binding:profile": {}, "fixed_ips":
        [{"subnet_id": "d53802a5-f0f6-48ba-9207-dbd9b13acac3", "ip_address": "192.168.1.1"}],
        "id": "02b5cbb1-6072-429c-b185-89f44b552d40", "security_groups": [], "device_id":
        "57e17608-8ac6-44a6-803e-f42ec15e9d1e", "name": "", "admin_state_up": true,
        "network_id": "c0e8e42b-005e-4183-8f25-fa91b3e441c1", "dns_name": "", "binding:vif_details":
        {"port_filter": true, "ovs_hybrid_plug": true}, "binding:vnic_type": "normal",
        "binding:vif_type": "ovs", "tenant_id": "69f8f7205ade4aa59084c32c83e60b5a",
        "mac_address": "fa:16:3e:b5:f7:9c"}, {"status": "ACTIVE", "binding:host_id":
        "11.22.33.44", "allowed_address_pairs":
        [], "extra_dhcp_opts": [], "dns_assignment": [{"hostname": "host-192-168-0-1",
        "ip_address": "192.168.0.1", "fqdn": "host-192-168-0-1.openstacklocal."}],
        "device_owner": "network:router_interface", "binding:profile": {}, "fixed_ips":
        [{"subnet_id": "104c081f-97dd-42b7-8930-98abbd015c74", "ip_address": "192.168.0.1"}],
        "id": "400d31a8-18da-40c3-82f5-47c250b56d01", "security_groups": [], "device_id":
        "57e17608-8ac6-44a6-803e-f42ec15e9d1e", "name": "", "admin_state_up": true,
        "network_id": "c0e8e42b-005e-4183-8f25-fa91b3e441c1", "dns_name": "", "binding:vif_details":
        {"port_filter": true, "ovs_hybrid_plug": true}, "binding:vnic_type": "normal",
        "binding:vif_type": "ovs", "tenant_id": "69f8f7205ade4aa59084c32c83e60b5a",
        "mac_address": "fa:16:3e:3e:2a:33"}, {"status": "ACTIVE", "binding:host_id":
        "11.22.33.44", "allowed_address_pairs":
        [], "extra_dhcp_opts": [], "dns_assignment": [{"hostname": "host-172-16-17-2",
        "ip_address": "172.16.17.2", "fqdn": "host-172-16-17-2.openstacklocal."}],
        "device_owner": "network:router_gateway", "binding:profile": {}, "fixed_ips":
        [{"subnet_id": "33da95a6-bded-44d8-be36-6cc97f3d72bd", "ip_address": "172.16.17.2"}],
        "id": "9330caba-d3ec-4675-b68a-b80fffae6365", "security_groups": [], "device_id":
        "57e17608-8ac6-44a6-803e-f42ec15e9d1e", "name": "", "admin_state_up": true,
        "network_id": "20af6027-7aeb-432a-ab3b-d7217faa2f1c", "dns_name": "", "binding:vif_details":
        {"port_filter": true, "ovs_hybrid_plug": true}, "binding:vnic_type": "normal",
        "binding:vif_type": "ovs", "tenant_id": "", "mac_address": "fa:16:3e:2e:66:be"}]}'
    http_version: 
  recorded_at: Wed, 17 Jan 2018 22:07:54 GMT
- request:
    method: get
    uri: http://10.8.99.233:9696/v2.0/ports?device_id=57e17608-8ac6-44a6-803e-f42ec15e9d1e&limit=1000&marker=9330caba-d3ec-4675-b68a-b80fffae6365
    body:
      encoding: US-ASCII
      string: ''
    headers:
      User-Agent:
      - fog-core/1.45.0
      Content-Type:
      - application/json
      Accept:
      - application/json
      X-Auth-Token:
      - 00d609fd99124f4f83aba84bf87ec7a9
  response:
    status:
      code: 200
      message: OK
    headers:
      Content-Type:
      - application/json; charset=UTF-8
      Content-Length:
      - '2617'
      X-Openstack-Request-Id:
      - req-de3efae3-c495-4d4e-b379-8d6783969d6b
      Date:
      - Wed, 17 Jan 2018 22:07:55 GMT
    body:
      encoding: ASCII-8BIT
      string: '{"ports": [{"status": "ACTIVE", "binding:host_id": "11.22.33.44",
        "allowed_address_pairs": [], "extra_dhcp_opts": [], "dns_assignment": [{"hostname":
        "host-192-168-1-1", "ip_address": "192.168.1.1", "fqdn": "host-192-168-1-1.openstacklocal."}],
        "device_owner": "network:router_interface", "binding:profile": {}, "fixed_ips":
        [{"subnet_id": "d53802a5-f0f6-48ba-9207-dbd9b13acac3", "ip_address": "192.168.1.1"}],
        "id": "02b5cbb1-6072-429c-b185-89f44b552d40", "security_groups": [], "device_id":
        "57e17608-8ac6-44a6-803e-f42ec15e9d1e", "name": "", "admin_state_up": true,
        "network_id": "c0e8e42b-005e-4183-8f25-fa91b3e441c1", "dns_name": "", "binding:vif_details":
        {"port_filter": true, "ovs_hybrid_plug": true}, "binding:vnic_type": "normal",
        "binding:vif_type": "ovs", "tenant_id": "69f8f7205ade4aa59084c32c83e60b5a",
        "mac_address": "fa:16:3e:b5:f7:9c"}, {"status": "ACTIVE", "binding:host_id":
        "11.22.33.44", "allowed_address_pairs":
        [], "extra_dhcp_opts": [], "dns_assignment": [{"hostname": "host-192-168-0-1",
        "ip_address": "192.168.0.1", "fqdn": "host-192-168-0-1.openstacklocal."}],
        "device_owner": "network:router_interface", "binding:profile": {}, "fixed_ips":
        [{"subnet_id": "104c081f-97dd-42b7-8930-98abbd015c74", "ip_address": "192.168.0.1"}],
        "id": "400d31a8-18da-40c3-82f5-47c250b56d01", "security_groups": [], "device_id":
        "57e17608-8ac6-44a6-803e-f42ec15e9d1e", "name": "", "admin_state_up": true,
        "network_id": "c0e8e42b-005e-4183-8f25-fa91b3e441c1", "dns_name": "", "binding:vif_details":
        {"port_filter": true, "ovs_hybrid_plug": true}, "binding:vnic_type": "normal",
        "binding:vif_type": "ovs", "tenant_id": "69f8f7205ade4aa59084c32c83e60b5a",
        "mac_address": "fa:16:3e:3e:2a:33"}, {"status": "ACTIVE", "binding:host_id":
        "11.22.33.44", "allowed_address_pairs":
        [], "extra_dhcp_opts": [], "dns_assignment": [{"hostname": "host-172-16-17-2",
        "ip_address": "172.16.17.2", "fqdn": "host-172-16-17-2.openstacklocal."}],
        "device_owner": "network:router_gateway", "binding:profile": {}, "fixed_ips":
        [{"subnet_id": "33da95a6-bded-44d8-be36-6cc97f3d72bd", "ip_address": "172.16.17.2"}],
        "id": "9330caba-d3ec-4675-b68a-b80fffae6365", "security_groups": [], "device_id":
        "57e17608-8ac6-44a6-803e-f42ec15e9d1e", "name": "", "admin_state_up": true,
        "network_id": "20af6027-7aeb-432a-ab3b-d7217faa2f1c", "dns_name": "", "binding:vif_details":
        {"port_filter": true, "ovs_hybrid_plug": true}, "binding:vnic_type": "normal",
        "binding:vif_type": "ovs", "tenant_id": "", "mac_address": "fa:16:3e:2e:66:be"}]}'
    http_version: 
  recorded_at: Wed, 17 Jan 2018 22:07:55 GMT
- request:
    method: get
    uri: http://10.8.99.233:9696/v2.0/ports?device_id=57e17608-8ac6-44a6-803e-f42ec15e9d1e&limit=1000
    body:
      encoding: US-ASCII
      string: ''
    headers:
      User-Agent:
      - fog-core/1.45.0
      Content-Type:
      - application/json
      Accept:
      - application/json
      X-Auth-Token:
      - 6325bed0acc146cfb18ad20dacd8b95d
  response:
    status:
      code: 200
      message: OK
    headers:
      Content-Type:
      - application/json; charset=UTF-8
      Content-Length:
      - '2617'
      X-Openstack-Request-Id:
      - req-986364c9-09bc-4d81-b4ac-04a79f350d7e
      Date:
      - Wed, 17 Jan 2018 22:07:55 GMT
    body:
      encoding: ASCII-8BIT
      string: '{"ports": [{"status": "ACTIVE", "binding:host_id": "11.22.33.44",
        "allowed_address_pairs": [], "extra_dhcp_opts": [], "dns_assignment": [{"hostname":
        "host-192-168-1-1", "ip_address": "192.168.1.1", "fqdn": "host-192-168-1-1.openstacklocal."}],
        "device_owner": "network:router_interface", "binding:profile": {}, "fixed_ips":
        [{"subnet_id": "d53802a5-f0f6-48ba-9207-dbd9b13acac3", "ip_address": "192.168.1.1"}],
        "id": "02b5cbb1-6072-429c-b185-89f44b552d40", "security_groups": [], "device_id":
        "57e17608-8ac6-44a6-803e-f42ec15e9d1e", "name": "", "admin_state_up": true,
        "network_id": "c0e8e42b-005e-4183-8f25-fa91b3e441c1", "dns_name": "", "binding:vif_details":
        {"port_filter": true, "ovs_hybrid_plug": true}, "binding:vnic_type": "normal",
        "binding:vif_type": "ovs", "tenant_id": "69f8f7205ade4aa59084c32c83e60b5a",
        "mac_address": "fa:16:3e:b5:f7:9c"}, {"status": "ACTIVE", "binding:host_id":
        "11.22.33.44", "allowed_address_pairs":
        [], "extra_dhcp_opts": [], "dns_assignment": [{"hostname": "host-192-168-0-1",
        "ip_address": "192.168.0.1", "fqdn": "host-192-168-0-1.openstacklocal."}],
        "device_owner": "network:router_interface", "binding:profile": {}, "fixed_ips":
        [{"subnet_id": "104c081f-97dd-42b7-8930-98abbd015c74", "ip_address": "192.168.0.1"}],
        "id": "400d31a8-18da-40c3-82f5-47c250b56d01", "security_groups": [], "device_id":
        "57e17608-8ac6-44a6-803e-f42ec15e9d1e", "name": "", "admin_state_up": true,
        "network_id": "c0e8e42b-005e-4183-8f25-fa91b3e441c1", "dns_name": "", "binding:vif_details":
        {"port_filter": true, "ovs_hybrid_plug": true}, "binding:vnic_type": "normal",
        "binding:vif_type": "ovs", "tenant_id": "69f8f7205ade4aa59084c32c83e60b5a",
        "mac_address": "fa:16:3e:3e:2a:33"}, {"status": "ACTIVE", "binding:host_id":
        "11.22.33.44", "allowed_address_pairs":
        [], "extra_dhcp_opts": [], "dns_assignment": [{"hostname": "host-172-16-17-2",
        "ip_address": "172.16.17.2", "fqdn": "host-172-16-17-2.openstacklocal."}],
        "device_owner": "network:router_gateway", "binding:profile": {}, "fixed_ips":
        [{"subnet_id": "33da95a6-bded-44d8-be36-6cc97f3d72bd", "ip_address": "172.16.17.2"}],
        "id": "9330caba-d3ec-4675-b68a-b80fffae6365", "security_groups": [], "device_id":
        "57e17608-8ac6-44a6-803e-f42ec15e9d1e", "name": "", "admin_state_up": true,
        "network_id": "20af6027-7aeb-432a-ab3b-d7217faa2f1c", "dns_name": "", "binding:vif_details":
        {"port_filter": true, "ovs_hybrid_plug": true}, "binding:vnic_type": "normal",
        "binding:vif_type": "ovs", "tenant_id": "", "mac_address": "fa:16:3e:2e:66:be"}]}'
    http_version: 
  recorded_at: Wed, 17 Jan 2018 22:07:55 GMT
- request:
    method: get
    uri: http://10.8.99.233:9696/v2.0/ports?device_id=57e17608-8ac6-44a6-803e-f42ec15e9d1e&limit=1000&marker=9330caba-d3ec-4675-b68a-b80fffae6365
    body:
      encoding: US-ASCII
      string: ''
    headers:
      User-Agent:
      - fog-core/1.45.0
      Content-Type:
      - application/json
      Accept:
      - application/json
      X-Auth-Token:
      - 6325bed0acc146cfb18ad20dacd8b95d
  response:
    status:
      code: 200
      message: OK
    headers:
      Content-Type:
      - application/json; charset=UTF-8
      Content-Length:
      - '2617'
      X-Openstack-Request-Id:
      - req-f727e7ae-4ee0-4726-8639-38150e17698c
      Date:
      - Wed, 17 Jan 2018 22:07:56 GMT
    body:
      encoding: ASCII-8BIT
      string: '{"ports": [{"status": "ACTIVE", "binding:host_id": "11.22.33.44",
        "allowed_address_pairs": [], "extra_dhcp_opts": [], "dns_assignment": [{"hostname":
        "host-192-168-1-1", "ip_address": "192.168.1.1", "fqdn": "host-192-168-1-1.openstacklocal."}],
        "device_owner": "network:router_interface", "binding:profile": {}, "fixed_ips":
        [{"subnet_id": "d53802a5-f0f6-48ba-9207-dbd9b13acac3", "ip_address": "192.168.1.1"}],
        "id": "02b5cbb1-6072-429c-b185-89f44b552d40", "security_groups": [], "device_id":
        "57e17608-8ac6-44a6-803e-f42ec15e9d1e", "name": "", "admin_state_up": true,
        "network_id": "c0e8e42b-005e-4183-8f25-fa91b3e441c1", "dns_name": "", "binding:vif_details":
        {"port_filter": true, "ovs_hybrid_plug": true}, "binding:vnic_type": "normal",
        "binding:vif_type": "ovs", "tenant_id": "69f8f7205ade4aa59084c32c83e60b5a",
        "mac_address": "fa:16:3e:b5:f7:9c"}, {"status": "ACTIVE", "binding:host_id":
        "11.22.33.44", "allowed_address_pairs":
        [], "extra_dhcp_opts": [], "dns_assignment": [{"hostname": "host-192-168-0-1",
        "ip_address": "192.168.0.1", "fqdn": "host-192-168-0-1.openstacklocal."}],
        "device_owner": "network:router_interface", "binding:profile": {}, "fixed_ips":
        [{"subnet_id": "104c081f-97dd-42b7-8930-98abbd015c74", "ip_address": "192.168.0.1"}],
        "id": "400d31a8-18da-40c3-82f5-47c250b56d01", "security_groups": [], "device_id":
        "57e17608-8ac6-44a6-803e-f42ec15e9d1e", "name": "", "admin_state_up": true,
        "network_id": "c0e8e42b-005e-4183-8f25-fa91b3e441c1", "dns_name": "", "binding:vif_details":
        {"port_filter": true, "ovs_hybrid_plug": true}, "binding:vnic_type": "normal",
        "binding:vif_type": "ovs", "tenant_id": "69f8f7205ade4aa59084c32c83e60b5a",
        "mac_address": "fa:16:3e:3e:2a:33"}, {"status": "ACTIVE", "binding:host_id":
        "11.22.33.44", "allowed_address_pairs":
        [], "extra_dhcp_opts": [], "dns_assignment": [{"hostname": "host-172-16-17-2",
        "ip_address": "172.16.17.2", "fqdn": "host-172-16-17-2.openstacklocal."}],
        "device_owner": "network:router_gateway", "binding:profile": {}, "fixed_ips":
        [{"subnet_id": "33da95a6-bded-44d8-be36-6cc97f3d72bd", "ip_address": "172.16.17.2"}],
        "id": "9330caba-d3ec-4675-b68a-b80fffae6365", "security_groups": [], "device_id":
        "57e17608-8ac6-44a6-803e-f42ec15e9d1e", "name": "", "admin_state_up": true,
        "network_id": "20af6027-7aeb-432a-ab3b-d7217faa2f1c", "dns_name": "", "binding:vif_details":
        {"port_filter": true, "ovs_hybrid_plug": true}, "binding:vnic_type": "normal",
        "binding:vif_type": "ovs", "tenant_id": "", "mac_address": "fa:16:3e:2e:66:be"}]}'
    http_version: 
  recorded_at: Wed, 17 Jan 2018 22:07:56 GMT
- request:
    method: post
    uri: http://11.22.33.44:5000/v2.0/tokens
    body:
      encoding: UTF-8
      string: '{"auth":{"passwordCredentials":{"username":"admin","password":"password_2WpEraURh"},"tenantName":"EmsRefreshSpec-Project2"}}'
    headers:
      User-Agent:
      - fog-core/1.45.0
      Content-Type:
      - application/json
  response:
    status:
      code: 200
      message: OK
    headers:
      Date:
      - Wed, 17 Jan 2018 22:07:56 GMT
      Server:
      - Apache/2.4.6 (Red Hat Enterprise Linux)
      Vary:
      - X-Auth-Token,Accept-Encoding
      X-Openstack-Request-Id:
      - req-d10190f3-f368-4172-8c93-930ed0649f9e
      Content-Length:
      - '4118'
      Connection:
      - close
      Content-Type:
      - application/json
    body:
      encoding: ASCII-8BIT
      string: '{"access": {"token": {"issued_at": "2018-01-17T22:07:56.336293", "expires":
        "2018-01-17T23:07:56Z", "id": "a348b2b308e94099846245468fd17593", "tenant":
        {"description": "", "enabled": true, "id": "e8f744b1fc6a487681d35fb275252608",
        "name": "EmsRefreshSpec-Project2"}, "audit_ids": ["ugzXLVr8SzWjCosdj6d-0A"]},
        "serviceCatalog": [{"endpoints": [{"adminURL": "http://10.8.99.233:8774/v2/e8f744b1fc6a487681d35fb275252608",
        "region": "RegionOne", "internalURL": "http://10.8.99.233:8774/v2/e8f744b1fc6a487681d35fb275252608",
        "id": "33f58c6950134a2381bb3668fae5a325", "publicURL": "http://10.8.99.233:8774/v2/e8f744b1fc6a487681d35fb275252608"}],
        "endpoints_links": [], "type": "compute", "name": "nova"}, {"endpoints": [{"adminURL":
        "http://10.8.99.233:9696", "region": "RegionOne", "internalURL": "http://10.8.99.233:9696",
        "id": "5b097055aff24a40aa4cd2d7317c9108", "publicURL": "http://10.8.99.233:9696"}],
        "endpoints_links": [], "type": "network", "name": "neutron"}, {"endpoints":
        [{"adminURL": "http://10.8.99.233:8776/v2/e8f744b1fc6a487681d35fb275252608",
        "region": "RegionOne", "internalURL": "http://10.8.99.233:8776/v2/e8f744b1fc6a487681d35fb275252608",
        "id": "13c4208d548d4bcdaedfe8296b6559ee", "publicURL": "http://10.8.99.233:8776/v2/e8f744b1fc6a487681d35fb275252608"}],
        "endpoints_links": [], "type": "volumev2", "name": "cinderv2"}, {"endpoints":
        [{"adminURL": "http://127.0.0.1:8774/v3", "region": "RegionOne", "internalURL":
        "http://127.0.0.1:8774/v3", "id": "3874f107e1a0461596883a12743dbcc0", "publicURL":
        "http://127.0.0.1:8774/v3"}], "endpoints_links": [], "type": "computev3",
        "name": "novav3"}, {"endpoints": [{"adminURL": "http://10.8.99.233:9292",
        "region": "RegionOne", "internalURL": "http://10.8.99.233:9292", "id": "75fcb24891654062ae1703e6b92f6018",
        "publicURL": "http://10.8.99.233:9292"}], "endpoints_links": [], "type": "image",
        "name": "glance"}, {"endpoints": [{"adminURL": "http://10.8.99.233:8777",
        "region": "RegionOne", "internalURL": "http://10.8.99.233:8777", "id": "2c972a2880d1453aad86104dcda88a55",
        "publicURL": "http://10.8.99.233:8777"}], "endpoints_links": [], "type": "metering",
        "name": "ceilometer"}, {"endpoints": [{"adminURL": "http://10.8.99.233:8776/v1/e8f744b1fc6a487681d35fb275252608",
        "region": "RegionOne", "internalURL": "http://10.8.99.233:8776/v1/e8f744b1fc6a487681d35fb275252608",
        "id": "410c753013fb430c9998f22f68c4cb18", "publicURL": "http://10.8.99.233:8776/v1/e8f744b1fc6a487681d35fb275252608"}],
        "endpoints_links": [], "type": "volume", "name": "cinder"}, {"endpoints":
        [{"adminURL": "http://10.8.99.233:8773/services/Admin", "region": "RegionOne",
        "internalURL": "http://10.8.99.233:8773/services/Cloud", "id": "2833b001aa814ddf9216479d379cdac1",
        "publicURL": "http://10.8.99.233:8773/services/Cloud"}], "endpoints_links":
        [], "type": "ec2", "name": "nova_ec2"}, {"endpoints": [{"adminURL": "http://10.8.99.233:8004/v1/e8f744b1fc6a487681d35fb275252608",
        "region": "RegionOne", "internalURL": "http://10.8.99.233:8004/v1/e8f744b1fc6a487681d35fb275252608",
        "id": "a29a931a5667478c8b3724506a286144", "publicURL": "http://10.8.99.233:8004/v1/e8f744b1fc6a487681d35fb275252608"}],
        "endpoints_links": [], "type": "orchestration", "name": "heat"}, {"endpoints":
        [{"adminURL": "http://10.8.99.233:8080", "region": "RegionOne", "internalURL":
        "http://10.8.99.233:8080/v1/AUTH_e8f744b1fc6a487681d35fb275252608", "id":
        "7a2262abf515414ea08b3beedc87e51e", "publicURL": "http://10.8.99.233:8080/v1/AUTH_e8f744b1fc6a487681d35fb275252608"}],
        "endpoints_links": [], "type": "object-store", "name": "swift"}, {"endpoints":
        [{"adminURL": "http://10.8.99.233:35357/v2.0", "region": "RegionOne", "internalURL":
        "http://10.8.99.233:5000/v2.0", "id": "5d1b7edf24e14ce29abaeee69e84e529",
        "publicURL": "http://10.8.99.233:5000/v2.0"}], "endpoints_links": [], "type":
        "identity", "name": "keystone"}], "user": {"username": "admin", "roles_links":
        [], "id": "80ea157498b44d08aa6d6f54b8a7c3e7", "roles": [{"name": "admin"},
        {"name": "heat_stack_owner"}], "name": "admin"}, "metadata": {"is_admin":
        0, "roles": ["bafabff3f3174e6ab41388bde984e1e5", "725d26e4ae494cc689c60f857e347267"]}}}'
    http_version: 
  recorded_at: Wed, 17 Jan 2018 22:07:56 GMT
- request:
    method: get
    uri: http://10.8.99.233:9696/v2.0/ports?device_id=57e17608-8ac6-44a6-803e-f42ec15e9d1e&limit=1000
    body:
      encoding: US-ASCII
      string: ''
    headers:
      User-Agent:
      - fog-core/1.45.0
      Content-Type:
      - application/json
      Accept:
      - application/json
      X-Auth-Token:
      - a348b2b308e94099846245468fd17593
  response:
    status:
      code: 200
      message: OK
    headers:
      Content-Type:
      - application/json; charset=UTF-8
      Content-Length:
      - '2617'
      X-Openstack-Request-Id:
      - req-33f475c4-9d46-4320-a628-81cb565e937d
      Date:
      - Wed, 17 Jan 2018 22:07:56 GMT
    body:
      encoding: ASCII-8BIT
      string: '{"ports": [{"status": "ACTIVE", "binding:host_id": "11.22.33.44",
        "allowed_address_pairs": [], "extra_dhcp_opts": [], "dns_assignment": [{"hostname":
        "host-192-168-1-1", "ip_address": "192.168.1.1", "fqdn": "host-192-168-1-1.openstacklocal."}],
        "device_owner": "network:router_interface", "binding:profile": {}, "fixed_ips":
        [{"subnet_id": "d53802a5-f0f6-48ba-9207-dbd9b13acac3", "ip_address": "192.168.1.1"}],
        "id": "02b5cbb1-6072-429c-b185-89f44b552d40", "security_groups": [], "device_id":
        "57e17608-8ac6-44a6-803e-f42ec15e9d1e", "name": "", "admin_state_up": true,
        "network_id": "c0e8e42b-005e-4183-8f25-fa91b3e441c1", "dns_name": "", "binding:vif_details":
        {"port_filter": true, "ovs_hybrid_plug": true}, "binding:vnic_type": "normal",
        "binding:vif_type": "ovs", "tenant_id": "69f8f7205ade4aa59084c32c83e60b5a",
        "mac_address": "fa:16:3e:b5:f7:9c"}, {"status": "ACTIVE", "binding:host_id":
        "11.22.33.44", "allowed_address_pairs":
        [], "extra_dhcp_opts": [], "dns_assignment": [{"hostname": "host-192-168-0-1",
        "ip_address": "192.168.0.1", "fqdn": "host-192-168-0-1.openstacklocal."}],
        "device_owner": "network:router_interface", "binding:profile": {}, "fixed_ips":
        [{"subnet_id": "104c081f-97dd-42b7-8930-98abbd015c74", "ip_address": "192.168.0.1"}],
        "id": "400d31a8-18da-40c3-82f5-47c250b56d01", "security_groups": [], "device_id":
        "57e17608-8ac6-44a6-803e-f42ec15e9d1e", "name": "", "admin_state_up": true,
        "network_id": "c0e8e42b-005e-4183-8f25-fa91b3e441c1", "dns_name": "", "binding:vif_details":
        {"port_filter": true, "ovs_hybrid_plug": true}, "binding:vnic_type": "normal",
        "binding:vif_type": "ovs", "tenant_id": "69f8f7205ade4aa59084c32c83e60b5a",
        "mac_address": "fa:16:3e:3e:2a:33"}, {"status": "ACTIVE", "binding:host_id":
        "11.22.33.44", "allowed_address_pairs":
        [], "extra_dhcp_opts": [], "dns_assignment": [{"hostname": "host-172-16-17-2",
        "ip_address": "172.16.17.2", "fqdn": "host-172-16-17-2.openstacklocal."}],
        "device_owner": "network:router_gateway", "binding:profile": {}, "fixed_ips":
        [{"subnet_id": "33da95a6-bded-44d8-be36-6cc97f3d72bd", "ip_address": "172.16.17.2"}],
        "id": "9330caba-d3ec-4675-b68a-b80fffae6365", "security_groups": [], "device_id":
        "57e17608-8ac6-44a6-803e-f42ec15e9d1e", "name": "", "admin_state_up": true,
        "network_id": "20af6027-7aeb-432a-ab3b-d7217faa2f1c", "dns_name": "", "binding:vif_details":
        {"port_filter": true, "ovs_hybrid_plug": true}, "binding:vnic_type": "normal",
        "binding:vif_type": "ovs", "tenant_id": "", "mac_address": "fa:16:3e:2e:66:be"}]}'
    http_version: 
  recorded_at: Wed, 17 Jan 2018 22:07:56 GMT
- request:
    method: get
    uri: http://10.8.99.233:9696/v2.0/ports?device_id=57e17608-8ac6-44a6-803e-f42ec15e9d1e&limit=1000&marker=9330caba-d3ec-4675-b68a-b80fffae6365
    body:
      encoding: US-ASCII
      string: ''
    headers:
      User-Agent:
      - fog-core/1.45.0
      Content-Type:
      - application/json
      Accept:
      - application/json
      X-Auth-Token:
      - a348b2b308e94099846245468fd17593
  response:
    status:
      code: 200
      message: OK
    headers:
      Content-Type:
      - application/json; charset=UTF-8
      Content-Length:
      - '2617'
      X-Openstack-Request-Id:
      - req-e7dc38de-575a-45ef-88b8-bb4a21da9c60
      Date:
      - Wed, 17 Jan 2018 22:07:56 GMT
    body:
      encoding: ASCII-8BIT
      string: '{"ports": [{"status": "ACTIVE", "binding:host_id": "11.22.33.44",
        "allowed_address_pairs": [], "extra_dhcp_opts": [], "dns_assignment": [{"hostname":
        "host-192-168-1-1", "ip_address": "192.168.1.1", "fqdn": "host-192-168-1-1.openstacklocal."}],
        "device_owner": "network:router_interface", "binding:profile": {}, "fixed_ips":
        [{"subnet_id": "d53802a5-f0f6-48ba-9207-dbd9b13acac3", "ip_address": "192.168.1.1"}],
        "id": "02b5cbb1-6072-429c-b185-89f44b552d40", "security_groups": [], "device_id":
        "57e17608-8ac6-44a6-803e-f42ec15e9d1e", "name": "", "admin_state_up": true,
        "network_id": "c0e8e42b-005e-4183-8f25-fa91b3e441c1", "dns_name": "", "binding:vif_details":
        {"port_filter": true, "ovs_hybrid_plug": true}, "binding:vnic_type": "normal",
        "binding:vif_type": "ovs", "tenant_id": "69f8f7205ade4aa59084c32c83e60b5a",
        "mac_address": "fa:16:3e:b5:f7:9c"}, {"status": "ACTIVE", "binding:host_id":
        "11.22.33.44", "allowed_address_pairs":
        [], "extra_dhcp_opts": [], "dns_assignment": [{"hostname": "host-192-168-0-1",
        "ip_address": "192.168.0.1", "fqdn": "host-192-168-0-1.openstacklocal."}],
        "device_owner": "network:router_interface", "binding:profile": {}, "fixed_ips":
        [{"subnet_id": "104c081f-97dd-42b7-8930-98abbd015c74", "ip_address": "192.168.0.1"}],
        "id": "400d31a8-18da-40c3-82f5-47c250b56d01", "security_groups": [], "device_id":
        "57e17608-8ac6-44a6-803e-f42ec15e9d1e", "name": "", "admin_state_up": true,
        "network_id": "c0e8e42b-005e-4183-8f25-fa91b3e441c1", "dns_name": "", "binding:vif_details":
        {"port_filter": true, "ovs_hybrid_plug": true}, "binding:vnic_type": "normal",
        "binding:vif_type": "ovs", "tenant_id": "69f8f7205ade4aa59084c32c83e60b5a",
        "mac_address": "fa:16:3e:3e:2a:33"}, {"status": "ACTIVE", "binding:host_id":
        "11.22.33.44", "allowed_address_pairs":
        [], "extra_dhcp_opts": [], "dns_assignment": [{"hostname": "host-172-16-17-2",
        "ip_address": "172.16.17.2", "fqdn": "host-172-16-17-2.openstacklocal."}],
        "device_owner": "network:router_gateway", "binding:profile": {}, "fixed_ips":
        [{"subnet_id": "33da95a6-bded-44d8-be36-6cc97f3d72bd", "ip_address": "172.16.17.2"}],
        "id": "9330caba-d3ec-4675-b68a-b80fffae6365", "security_groups": [], "device_id":
        "57e17608-8ac6-44a6-803e-f42ec15e9d1e", "name": "", "admin_state_up": true,
        "network_id": "20af6027-7aeb-432a-ab3b-d7217faa2f1c", "dns_name": "", "binding:vif_details":
        {"port_filter": true, "ovs_hybrid_plug": true}, "binding:vnic_type": "normal",
        "binding:vif_type": "ovs", "tenant_id": "", "mac_address": "fa:16:3e:2e:66:be"}]}'
    http_version: 
  recorded_at: Wed, 17 Jan 2018 22:07:56 GMT
- request:
    method: get
    uri: http://10.8.99.233:9696/v2.0/routers/57e17608-8ac6-44a6-803e-f42ec15e9d1e
    body:
      encoding: US-ASCII
      string: ''
    headers:
      User-Agent:
      - fog-core/1.45.0
      Content-Type:
      - application/json
      Accept:
      - application/json
      X-Auth-Token:
      - 6325bed0acc146cfb18ad20dacd8b95d
  response:
    status:
      code: 200
      message: OK
    headers:
      Content-Type:
      - application/json; charset=UTF-8
      Content-Length:
      - '443'
      X-Openstack-Request-Id:
      - req-3665e3b7-984b-4d62-8cc0-87910bde690c
      Date:
      - Wed, 17 Jan 2018 22:07:57 GMT
    body:
      encoding: ASCII-8BIT
      string: '{"router": {"status": "ACTIVE", "external_gateway_info": {"network_id":
        "20af6027-7aeb-432a-ab3b-d7217faa2f1c", "enable_snat": true, "external_fixed_ips":
        [{"subnet_id": "33da95a6-bded-44d8-be36-6cc97f3d72bd", "ip_address": "172.16.17.2"}]},
        "name": "EmsRefreshSpec-Router", "admin_state_up": true, "tenant_id": "69f8f7205ade4aa59084c32c83e60b5a",
        "distributed": false, "routes": [], "ha": false, "id": "57e17608-8ac6-44a6-803e-f42ec15e9d1e"}}'
    http_version: 
  recorded_at: Wed, 17 Jan 2018 22:07:57 GMT
- request:
    method: get
    uri: http://10.8.99.233:9696/v2.0/security-groups/fd147cb7-7456-43d9-a01f-c06e21b4e6fb
    body:
      encoding: US-ASCII
      string: ''
    headers:
      User-Agent:
      - fog-core/1.45.0
      Content-Type:
      - application/json
      Accept:
      - application/json
      X-Auth-Token:
      - 6325bed0acc146cfb18ad20dacd8b95d
  response:
    status:
      code: 200
      message: OK
    headers:
      Content-Type:
      - application/json; charset=UTF-8
      Content-Length:
      - '6900'
      X-Openstack-Request-Id:
      - req-e859ff13-3847-4cd1-8fb5-cc7e4ea37ecd
      Date:
      - Wed, 17 Jan 2018 22:07:57 GMT
    body:
      encoding: ASCII-8BIT
      string: '{"security_group": {"tenant_id": "69f8f7205ade4aa59084c32c83e60b5a",
        "description": "EmsRefreshSpec-SecurityGroup description", "id": "fd147cb7-7456-43d9-a01f-c06e21b4e6fb",
        "security_group_rules": [{"remote_group_id": "fd147cb7-7456-43d9-a01f-c06e21b4e6fb",
        "direction": "ingress", "remote_ip_prefix": null, "protocol": "tcp", "ethertype":
        "IPv4", "tenant_id": "69f8f7205ade4aa59084c32c83e60b5a", "port_range_max":
        4, "port_range_min": 3, "id": "15d247b8-904d-45a5-8c51-1691a92ef179", "security_group_id":
        "fd147cb7-7456-43d9-a01f-c06e21b4e6fb"}, {"remote_group_id": "fd147cb7-7456-43d9-a01f-c06e21b4e6fb",
        "direction": "ingress", "remote_ip_prefix": null, "protocol": "tcp", "ethertype":
        "IPv4", "tenant_id": "69f8f7205ade4aa59084c32c83e60b5a", "port_range_max":
        80, "port_range_min": 80, "id": "16c45d6d-a1bd-48ea-8147-350e89b6821e", "security_group_id":
        "fd147cb7-7456-43d9-a01f-c06e21b4e6fb"}, {"remote_group_id": null, "direction":
        "egress", "remote_ip_prefix": null, "protocol": null, "ethertype": "IPv6",
        "tenant_id": "69f8f7205ade4aa59084c32c83e60b5a", "port_range_max": null, "port_range_min":
        null, "id": "17cc28a4-c274-41fb-9288-486dc091027c", "security_group_id": "fd147cb7-7456-43d9-a01f-c06e21b4e6fb"},
        {"remote_group_id": null, "direction": "ingress", "remote_ip_prefix": "0.0.0.0/0",
        "protocol": "udp", "ethertype": "IPv4", "tenant_id": "69f8f7205ade4aa59084c32c83e60b5a",
        "port_range_max": 65535, "port_range_min": 1, "id": "2dd82e10-6b62-4c2c-8255-c2e3b63d9119",
        "security_group_id": "fd147cb7-7456-43d9-a01f-c06e21b4e6fb"}, {"remote_group_id":
        null, "direction": "ingress", "remote_ip_prefix": "1:2:3:4:5:6:7:abc8/128",
        "protocol": "tcp", "ethertype": "IPv6", "tenant_id": "69f8f7205ade4aa59084c32c83e60b5a",
        "port_range_max": 443, "port_range_min": 443, "id": "40f0d754-2b5b-4965-ac5b-4b2d662225c1",
        "security_group_id": "fd147cb7-7456-43d9-a01f-c06e21b4e6fb"}, {"remote_group_id":
        null, "direction": "ingress", "remote_ip_prefix": "1.2.3.4/30", "protocol":
        "icmp", "ethertype": "IPv4", "tenant_id": "69f8f7205ade4aa59084c32c83e60b5a",
        "port_range_max": null, "port_range_min": null, "id": "427cb9f4-2116-4b03-b7e3-d87dfca202bd",
        "security_group_id": "fd147cb7-7456-43d9-a01f-c06e21b4e6fb"}, {"remote_group_id":
        null, "direction": "ingress", "remote_ip_prefix": "1.2.3.4/30", "protocol":
        "tcp", "ethertype": "IPv4", "tenant_id": "69f8f7205ade4aa59084c32c83e60b5a",
        "port_range_max": 2, "port_range_min": 1, "id": "6738adbb-1a50-4802-b67f-bafee1e5c18a",
        "security_group_id": "fd147cb7-7456-43d9-a01f-c06e21b4e6fb"}, {"remote_group_id":
        null, "direction": "ingress", "remote_ip_prefix": "0.0.0.0/0", "protocol":
        "tcp", "ethertype": "IPv4", "tenant_id": "69f8f7205ade4aa59084c32c83e60b5a",
        "port_range_max": 80, "port_range_min": 80, "id": "6bd2821c-157b-4424-800e-0c602a8b2fa2",
        "security_group_id": "fd147cb7-7456-43d9-a01f-c06e21b4e6fb"}, {"remote_group_id":
        "fd147cb7-7456-43d9-a01f-c06e21b4e6fb", "direction": "egress", "remote_ip_prefix":
        null, "protocol": "tcp", "ethertype": "IPv6", "tenant_id": "69f8f7205ade4aa59084c32c83e60b5a",
        "port_range_max": 443, "port_range_min": 443, "id": "7ad6e769-1ed8-4e6e-8bae-0ca789da3b3a",
        "security_group_id": "fd147cb7-7456-43d9-a01f-c06e21b4e6fb"}, {"remote_group_id":
        null, "direction": "ingress", "remote_ip_prefix": "0.0.0.0/0", "protocol":
        "icmp", "ethertype": "IPv4", "tenant_id": "69f8f7205ade4aa59084c32c83e60b5a",
        "port_range_max": null, "port_range_min": null, "id": "7c00b697-21eb-4700-85d6-15ec59ee7de8",
        "security_group_id": "fd147cb7-7456-43d9-a01f-c06e21b4e6fb"}, {"remote_group_id":
        "fd147cb7-7456-43d9-a01f-c06e21b4e6fb", "direction": "ingress", "remote_ip_prefix":
        null, "protocol": "tcp", "ethertype": "IPv6", "tenant_id": "69f8f7205ade4aa59084c32c83e60b5a",
        "port_range_max": 443, "port_range_min": 443, "id": "956f6c84-b896-4fa7-8f26-afc7f30671ef",
        "security_group_id": "fd147cb7-7456-43d9-a01f-c06e21b4e6fb"}, {"remote_group_id":
        null, "direction": "ingress", "remote_ip_prefix": "0.0.0.0/0", "protocol":
        "tcp", "ethertype": "IPv4", "tenant_id": "69f8f7205ade4aa59084c32c83e60b5a",
        "port_range_max": 65535, "port_range_min": 1, "id": "a7a38b2d-04c4-45ad-be2d-9c4684787221",
        "security_group_id": "fd147cb7-7456-43d9-a01f-c06e21b4e6fb"}, {"remote_group_id":
        null, "direction": "egress", "remote_ip_prefix": null, "protocol": null, "ethertype":
        "IPv4", "tenant_id": "69f8f7205ade4aa59084c32c83e60b5a", "port_range_max":
        null, "port_range_min": null, "id": "a94d2ef9-c809-4f78-b0ab-cadbad30d431",
        "security_group_id": "fd147cb7-7456-43d9-a01f-c06e21b4e6fb"}, {"remote_group_id":
        null, "direction": "egress", "remote_ip_prefix": "::/0", "protocol": "tcp",
        "ethertype": "IPv6", "tenant_id": "69f8f7205ade4aa59084c32c83e60b5a", "port_range_max":
        443, "port_range_min": 443, "id": "aaf1f08a-a8d1-4455-92d7-11135ac1e369",
        "security_group_id": "fd147cb7-7456-43d9-a01f-c06e21b4e6fb"}, {"remote_group_id":
        "fd147cb7-7456-43d9-a01f-c06e21b4e6fb", "direction": "ingress", "remote_ip_prefix":
        null, "protocol": "udp", "ethertype": "IPv4", "tenant_id": "69f8f7205ade4aa59084c32c83e60b5a",
        "port_range_max": 4, "port_range_min": 3, "id": "b33fb74e-81b6-4359-8be9-edd662fb9572",
        "security_group_id": "fd147cb7-7456-43d9-a01f-c06e21b4e6fb"}, {"remote_group_id":
        "fd147cb7-7456-43d9-a01f-c06e21b4e6fb", "direction": "ingress", "remote_ip_prefix":
        null, "protocol": "icmp", "ethertype": "IPv4", "tenant_id": "69f8f7205ade4aa59084c32c83e60b5a",
        "port_range_max": null, "port_range_min": null, "id": "b6848646-5fa1-40ee-b988-2649224ea767",
        "security_group_id": "fd147cb7-7456-43d9-a01f-c06e21b4e6fb"}, {"remote_group_id":
        null, "direction": "egress", "remote_ip_prefix": "1.2.3.4/30", "protocol":
        "tcp", "ethertype": "IPv4", "tenant_id": "69f8f7205ade4aa59084c32c83e60b5a",
        "port_range_max": 443, "port_range_min": 443, "id": "c58980f5-abc9-4d16-96b5-a4a9dda744c1",
        "security_group_id": "fd147cb7-7456-43d9-a01f-c06e21b4e6fb"}, {"remote_group_id":
        null, "direction": "ingress", "remote_ip_prefix": "::/0", "protocol": "tcp",
        "ethertype": "IPv6", "tenant_id": "69f8f7205ade4aa59084c32c83e60b5a", "port_range_max":
        443, "port_range_min": 443, "id": "d6bb1846-d362-4065-a380-ebc3b684313c",
        "security_group_id": "fd147cb7-7456-43d9-a01f-c06e21b4e6fb"}, {"remote_group_id":
        null, "direction": "ingress", "remote_ip_prefix": "1.2.3.4/30", "protocol":
        "udp", "ethertype": "IPv4", "tenant_id": "69f8f7205ade4aa59084c32c83e60b5a",
        "port_range_max": 2, "port_range_min": 1, "id": "f3444292-5a22-4f76-84f4-71ee60393bee",
        "security_group_id": "fd147cb7-7456-43d9-a01f-c06e21b4e6fb"}, {"remote_group_id":
        null, "direction": "ingress", "remote_ip_prefix": "1.2.3.4/30", "protocol":
        "tcp", "ethertype": "IPv4", "tenant_id": "69f8f7205ade4aa59084c32c83e60b5a",
        "port_range_max": 80, "port_range_min": 80, "id": "f79f0e32-b186-4778-952e-20827a60ef73",
        "security_group_id": "fd147cb7-7456-43d9-a01f-c06e21b4e6fb"}], "name": "EmsRefreshSpec-SecurityGroup"}}'
    http_version: 
  recorded_at: Wed, 17 Jan 2018 22:07:57 GMT
- request:
    method: get
    uri: http://10.8.99.233:9696/v2.0/security-groups/e4836528-d0df-425e-a117-ae8ec6f356d4
    body:
      encoding: US-ASCII
      string: ''
    headers:
      User-Agent:
      - fog-core/1.45.0
      Content-Type:
      - application/json
      Accept:
      - application/json
      X-Auth-Token:
      - 6325bed0acc146cfb18ad20dacd8b95d
  response:
    status:
      code: 200
      message: OK
    headers:
      Content-Type:
      - application/json; charset=UTF-8
      Content-Length:
      - '880'
      X-Openstack-Request-Id:
      - req-6caacef3-3f68-42ee-b4c6-15df4f112253
      Date:
      - Wed, 17 Jan 2018 22:07:57 GMT
    body:
      encoding: ASCII-8BIT
      string: '{"security_group": {"tenant_id": "69f8f7205ade4aa59084c32c83e60b5a",
        "description": "EmsRefreshSpec-SecurityGroup2 description", "id": "e4836528-d0df-425e-a117-ae8ec6f356d4",
        "security_group_rules": [{"remote_group_id": null, "direction": "egress",
        "remote_ip_prefix": null, "protocol": null, "ethertype": "IPv4", "tenant_id":
        "69f8f7205ade4aa59084c32c83e60b5a", "port_range_max": null, "port_range_min":
        null, "id": "1a94b699-e28c-44fb-9b26-a84eeb44d540", "security_group_id": "e4836528-d0df-425e-a117-ae8ec6f356d4"},
        {"remote_group_id": null, "direction": "egress", "remote_ip_prefix": null,
        "protocol": null, "ethertype": "IPv6", "tenant_id": "69f8f7205ade4aa59084c32c83e60b5a",
        "port_range_max": null, "port_range_min": null, "id": "75924ebc-4758-4042-ad04-4ef3c9189098",
        "security_group_id": "e4836528-d0df-425e-a117-ae8ec6f356d4"}], "name": "EmsRefreshSpec-SecurityGroup2"}}'
    http_version: 
  recorded_at: Wed, 17 Jan 2018 22:07:57 GMT
- request:
    method: post
    uri: http://11.22.33.44:5000/v2.0/tokens
    body:
      encoding: UTF-8
      string: '{"auth":{"passwordCredentials":{"username":"admin","password":"password_2WpEraURh"},"tenantName":"EmsRefreshSpec-Project"}}'
    headers:
      User-Agent:
      - fog-core/1.45.0
      Content-Type:
      - application/json
  response:
    status:
      code: 200
      message: OK
    headers:
      Date:
      - Wed, 17 Jan 2018 22:07:57 GMT
      Server:
      - Apache/2.4.6 (Red Hat Enterprise Linux)
      Vary:
      - X-Auth-Token,Accept-Encoding
      X-Openstack-Request-Id:
      - req-82b3fb97-2213-4690-8236-3495da04d7c7
      Content-Length:
      - '4117'
      Connection:
      - close
      Content-Type:
      - application/json
    body:
      encoding: ASCII-8BIT
      string: '{"access": {"token": {"issued_at": "2018-01-17T22:07:57.720294", "expires":
        "2018-01-17T23:07:57Z", "id": "cecdaf340a6f4011b3711d8acb0beffb", "tenant":
        {"description": "", "enabled": true, "id": "69f8f7205ade4aa59084c32c83e60b5a",
        "name": "EmsRefreshSpec-Project"}, "audit_ids": ["3VpjVJ9nTD6pMmlppDmL_Q"]},
        "serviceCatalog": [{"endpoints": [{"adminURL": "http://10.8.99.233:8774/v2/69f8f7205ade4aa59084c32c83e60b5a",
        "region": "RegionOne", "internalURL": "http://10.8.99.233:8774/v2/69f8f7205ade4aa59084c32c83e60b5a",
        "id": "33f58c6950134a2381bb3668fae5a325", "publicURL": "http://10.8.99.233:8774/v2/69f8f7205ade4aa59084c32c83e60b5a"}],
        "endpoints_links": [], "type": "compute", "name": "nova"}, {"endpoints": [{"adminURL":
        "http://10.8.99.233:9696", "region": "RegionOne", "internalURL": "http://10.8.99.233:9696",
        "id": "5b097055aff24a40aa4cd2d7317c9108", "publicURL": "http://10.8.99.233:9696"}],
        "endpoints_links": [], "type": "network", "name": "neutron"}, {"endpoints":
        [{"adminURL": "http://10.8.99.233:8776/v2/69f8f7205ade4aa59084c32c83e60b5a",
        "region": "RegionOne", "internalURL": "http://10.8.99.233:8776/v2/69f8f7205ade4aa59084c32c83e60b5a",
        "id": "13c4208d548d4bcdaedfe8296b6559ee", "publicURL": "http://10.8.99.233:8776/v2/69f8f7205ade4aa59084c32c83e60b5a"}],
        "endpoints_links": [], "type": "volumev2", "name": "cinderv2"}, {"endpoints":
        [{"adminURL": "http://127.0.0.1:8774/v3", "region": "RegionOne", "internalURL":
        "http://127.0.0.1:8774/v3", "id": "3874f107e1a0461596883a12743dbcc0", "publicURL":
        "http://127.0.0.1:8774/v3"}], "endpoints_links": [], "type": "computev3",
        "name": "novav3"}, {"endpoints": [{"adminURL": "http://10.8.99.233:9292",
        "region": "RegionOne", "internalURL": "http://10.8.99.233:9292", "id": "75fcb24891654062ae1703e6b92f6018",
        "publicURL": "http://10.8.99.233:9292"}], "endpoints_links": [], "type": "image",
        "name": "glance"}, {"endpoints": [{"adminURL": "http://10.8.99.233:8777",
        "region": "RegionOne", "internalURL": "http://10.8.99.233:8777", "id": "2c972a2880d1453aad86104dcda88a55",
        "publicURL": "http://10.8.99.233:8777"}], "endpoints_links": [], "type": "metering",
        "name": "ceilometer"}, {"endpoints": [{"adminURL": "http://10.8.99.233:8776/v1/69f8f7205ade4aa59084c32c83e60b5a",
        "region": "RegionOne", "internalURL": "http://10.8.99.233:8776/v1/69f8f7205ade4aa59084c32c83e60b5a",
        "id": "410c753013fb430c9998f22f68c4cb18", "publicURL": "http://10.8.99.233:8776/v1/69f8f7205ade4aa59084c32c83e60b5a"}],
        "endpoints_links": [], "type": "volume", "name": "cinder"}, {"endpoints":
        [{"adminURL": "http://10.8.99.233:8773/services/Admin", "region": "RegionOne",
        "internalURL": "http://10.8.99.233:8773/services/Cloud", "id": "2833b001aa814ddf9216479d379cdac1",
        "publicURL": "http://10.8.99.233:8773/services/Cloud"}], "endpoints_links":
        [], "type": "ec2", "name": "nova_ec2"}, {"endpoints": [{"adminURL": "http://10.8.99.233:8004/v1/69f8f7205ade4aa59084c32c83e60b5a",
        "region": "RegionOne", "internalURL": "http://10.8.99.233:8004/v1/69f8f7205ade4aa59084c32c83e60b5a",
        "id": "a29a931a5667478c8b3724506a286144", "publicURL": "http://10.8.99.233:8004/v1/69f8f7205ade4aa59084c32c83e60b5a"}],
        "endpoints_links": [], "type": "orchestration", "name": "heat"}, {"endpoints":
        [{"adminURL": "http://10.8.99.233:8080", "region": "RegionOne", "internalURL":
        "http://10.8.99.233:8080/v1/AUTH_69f8f7205ade4aa59084c32c83e60b5a", "id":
        "7a2262abf515414ea08b3beedc87e51e", "publicURL": "http://10.8.99.233:8080/v1/AUTH_69f8f7205ade4aa59084c32c83e60b5a"}],
        "endpoints_links": [], "type": "object-store", "name": "swift"}, {"endpoints":
        [{"adminURL": "http://10.8.99.233:35357/v2.0", "region": "RegionOne", "internalURL":
        "http://10.8.99.233:5000/v2.0", "id": "5d1b7edf24e14ce29abaeee69e84e529",
        "publicURL": "http://10.8.99.233:5000/v2.0"}], "endpoints_links": [], "type":
        "identity", "name": "keystone"}], "user": {"username": "admin", "roles_links":
        [], "id": "80ea157498b44d08aa6d6f54b8a7c3e7", "roles": [{"name": "admin"},
        {"name": "heat_stack_owner"}], "name": "admin"}, "metadata": {"is_admin":
        0, "roles": ["bafabff3f3174e6ab41388bde984e1e5", "725d26e4ae494cc689c60f857e347267"]}}}'
    http_version: 
  recorded_at: Wed, 17 Jan 2018 22:07:57 GMT
- request:
    method: get
    uri: http://10.8.99.233:8776/v2/69f8f7205ade4aa59084c32c83e60b5a/volumes/0a55c0d5-c780-4e7d-9d09-47f5520c7448
    body:
      encoding: US-ASCII
      string: ''
    headers:
      User-Agent:
      - fog-core/1.45.0
      Content-Type:
      - application/json
      Accept:
      - application/json
      X-Auth-Token:
      - cecdaf340a6f4011b3711d8acb0beffb
  response:
    status:
      code: 200
      message: OK
    headers:
      X-Compute-Request-Id:
      - req-fe50ea9c-5066-4121-8a41-4b4a3cdd2a09
      Content-Type:
      - application/json
      Content-Length:
      - '1406'
      X-Openstack-Request-Id:
      - req-fe50ea9c-5066-4121-8a41-4b4a3cdd2a09
      Date:
      - Wed, 17 Jan 2018 22:07:58 GMT
    body:
      encoding: ASCII-8BIT
      string: '{"volume": {"migration_status": null, "attachments": [{"server_id":
        "ca4f3a16-bae3-4407-83e9-f77b28af0f2b", "attachment_id": "7913f588-2068-4b0c-810f-5e8cf00a4754",
        "host_name": null, "volume_id": "0a55c0d5-c780-4e7d-9d09-47f5520c7448", "device":
        "/dev/vdd", "id": "0a55c0d5-c780-4e7d-9d09-47f5520c7448"}], "links": [{"href":
        "http://10.8.99.233:8776/v2/69f8f7205ade4aa59084c32c83e60b5a/volumes/0a55c0d5-c780-4e7d-9d09-47f5520c7448",
        "rel": "self"}, {"href": "http://10.8.99.233:8776/69f8f7205ade4aa59084c32c83e60b5a/volumes/0a55c0d5-c780-4e7d-9d09-47f5520c7448",
        "rel": "bookmark"}], "availability_zone": "nova", "os-vol-host-attr:host":
        "dhcp-8-99-233@lvm#lvm", "encrypted": false, "os-volume-replication:extended_status":
        null, "replication_status": "disabled", "snapshot_id": null, "id": "0a55c0d5-c780-4e7d-9d09-47f5520c7448",
        "size": 1, "user_id": "80ea157498b44d08aa6d6f54b8a7c3e7", "os-vol-tenant-attr:tenant_id":
        "69f8f7205ade4aa59084c32c83e60b5a", "os-vol-mig-status-attr:migstat": null,
        "metadata": {"readonly": "False", "attached_mode": "rw"}, "status": "in-use",
        "description": "EmsRefreshSpec-Volume description", "multiattach": false,
        "os-volume-replication:driver_data": null, "source_volid": null, "consistencygroup_id":
        null, "os-vol-mig-status-attr:name_id": null, "name": "EmsRefreshSpec-Volume",
        "bootable": "false", "created_at": "2016-11-11T13:49:20.000000", "volume_type":
        "iscsi"}}'
    http_version: 
  recorded_at: Wed, 17 Jan 2018 22:07:58 GMT
- request:
    method: get
    uri: http://10.8.99.233:8776/v2/69f8f7205ade4aa59084c32c83e60b5a/volumes/2c774148-c11a-434c-aabb-7fa9c82c37ce
    body:
      encoding: US-ASCII
      string: ''
    headers:
      User-Agent:
      - fog-core/1.45.0
      Content-Type:
      - application/json
      Accept:
      - application/json
      X-Auth-Token:
      - cecdaf340a6f4011b3711d8acb0beffb
  response:
    status:
      code: 200
      message: OK
    headers:
      X-Compute-Request-Id:
      - req-9acacb6e-4bf8-48a0-ae5d-911349c854a5
      Content-Type:
      - application/json
      Content-Length:
      - '1408'
      X-Openstack-Request-Id:
      - req-9acacb6e-4bf8-48a0-ae5d-911349c854a5
      Date:
      - Wed, 17 Jan 2018 22:07:59 GMT
    body:
      encoding: ASCII-8BIT
      string: '{"volume": {"migration_status": null, "attachments": [{"server_id":
        "ca4f3a16-bae3-4407-83e9-f77b28af0f2b", "attachment_id": "31311772-106c-4128-a1f0-f3b4cd4e34e3",
        "host_name": null, "volume_id": "2c774148-c11a-434c-aabb-7fa9c82c37ce", "device":
        "/dev/vde", "id": "2c774148-c11a-434c-aabb-7fa9c82c37ce"}], "links": [{"href":
        "http://10.8.99.233:8776/v2/69f8f7205ade4aa59084c32c83e60b5a/volumes/2c774148-c11a-434c-aabb-7fa9c82c37ce",
        "rel": "self"}, {"href": "http://10.8.99.233:8776/69f8f7205ade4aa59084c32c83e60b5a/volumes/2c774148-c11a-434c-aabb-7fa9c82c37ce",
        "rel": "bookmark"}], "availability_zone": "nova", "os-vol-host-attr:host":
        "dhcp-8-99-233@lvm#lvm", "encrypted": false, "os-volume-replication:extended_status":
        null, "replication_status": "disabled", "snapshot_id": null, "id": "2c774148-c11a-434c-aabb-7fa9c82c37ce",
        "size": 1, "user_id": "80ea157498b44d08aa6d6f54b8a7c3e7", "os-vol-tenant-attr:tenant_id":
        "69f8f7205ade4aa59084c32c83e60b5a", "os-vol-mig-status-attr:migstat": null,
        "metadata": {"readonly": "False", "attached_mode": "rw"}, "status": "in-use",
        "description": "EmsRefreshSpec-Volume description", "multiattach": false,
        "os-volume-replication:driver_data": null, "source_volid": null, "consistencygroup_id":
        null, "os-vol-mig-status-attr:name_id": null, "name": "EmsRefreshSpec-Volume-2",
        "bootable": "false", "created_at": "2016-11-11T13:49:43.000000", "volume_type":
        "iscsi"}}'
    http_version: 
  recorded_at: Wed, 17 Jan 2018 22:07:59 GMT
recorded_with: VCR 3.0.3
